========================================================================
Linear Probe Integration Test - End-to-End
========================================================================
Job ID: 14088
Node: smallslurm-a31sp-5
Date: Fri Nov  7 17:36:45 UTC 2025
========================================================================
Hermit environment /home/aminmohamadi_squareup_com/projects activated
Fri Nov  7 17:36:45 2025       
+-----------------------------------------------------------------------------------------+
| NVIDIA-SMI 550.90.12              Driver Version: 550.90.12      CUDA Version: 12.4     |
|-----------------------------------------+------------------------+----------------------+
| GPU  Name                 Persistence-M | Bus-Id          Disp.A | Volatile Uncorr. ECC |
| Fan  Temp   Perf          Pwr:Usage/Cap |           Memory-Usage | GPU-Util  Compute M. |
|                                         |                        |               MIG M. |
|=========================================+========================+======================|
|   0  NVIDIA H100 80GB HBM3          On  |   00000000:04:00.0 Off |                    0 |
| N/A   33C    P0             68W /  700W |       1MiB /  81559MiB |      0%      Default |
|                                         |                        |             Disabled |
+-----------------------------------------+------------------------+----------------------+
                                                                                         
+-----------------------------------------------------------------------------------------+
| Processes:                                                                              |
|  GPU   GI   CI        PID   Type   Process name                              GPU Memory |
|        ID   ID                                                               Usage      |
|=========================================================================================|
|  No running processes found                                                             |
+-----------------------------------------------------------------------------------------+

========================================================================
Starting T-JEPA training with linear probe...
========================================================================
Not SLURM job.
✓ MLflow logging configured for project: linear_probe_test
[Debug] Using parquet dataset from LocalFilesDataset
[Debug] Parquet dataset created: N=300000, D=30
╒═══════════════════════════════╤═══════════════════════════════════════════════════════════════════════════════════════════════════════════════════════╕
│ mock                          │ True                                                                                                                  │
├───────────────────────────────┼───────────────────────────────────────────────────────────────────────────────────────────────────────────────────────┤
│ res_dir                       │ ./                                                                                                                    │
├───────────────────────────────┼───────────────────────────────────────────────────────────────────────────────────────────────────────────────────────┤
│ data_path                     │ data                                                                                                                  │
├───────────────────────────────┼───────────────────────────────────────────────────────────────────────────────────────────────────────────────────────┤
│ data_set                      │ parquet_chargeback                                                                                                    │
├───────────────────────────────┼───────────────────────────────────────────────────────────────────────────────────────────────────────────────────────┤
│ test_size_ratio               │ 0.0                                                                                                                   │
├───────────────────────────────┼───────────────────────────────────────────────────────────────────────────────────────────────────────────────────────┤
│ val_size_ratio                │ 0.0                                                                                                                   │
├───────────────────────────────┼───────────────────────────────────────────────────────────────────────────────────────────────────────────────────────┤
│ random_state                  │ 42                                                                                                                    │
├───────────────────────────────┼───────────────────────────────────────────────────────────────────────────────────────────────────────────────────────┤
│ full_dataset_cuda             │ False                                                                                                                 │
├───────────────────────────────┼───────────────────────────────────────────────────────────────────────────────────────────────────────────────────────┤
│ verbose                       │ False                                                                                                                 │
├───────────────────────────────┼───────────────────────────────────────────────────────────────────────────────────────────────────────────────────────┤
│ use_parquet_dataset           │ True                                                                                                                  │
├───────────────────────────────┼───────────────────────────────────────────────────────────────────────────────────────────────────────────────────────┤
│ parquet_data_dir              │ /projects/risk-tabular/general_chargebacks/202207-202407-all-positives-negative-ratio-1.0-v0/train                    │
├───────────────────────────────┼───────────────────────────────────────────────────────────────────────────────────────────────────────────────────────┤
│ parquet_data_files            │ chunk_10.parquet                                                                                                      │
├───────────────────────────────┼───────────────────────────────────────────────────────────────────────────────────────────────────────────────────────┤
│ parquet_scaling_stats_file    │ /projects/risk-tabular/general_chargebacks/202207-202407-all-positives-negative-ratio-1.0-v0/train/stats_bootstrap.pq │
├───────────────────────────────┼───────────────────────────────────────────────────────────────────────────────────────────────────────────────────────┤
│ parquet_feature_names_file    │ /projects/risk-tabular/general_chargebacks/20240724_feature_selection/xgboost_importances_seed_1_sample_0.5.csv       │
├───────────────────────────────┼───────────────────────────────────────────────────────────────────────────────────────────────────────────────────────┤
│ parquet_num_features          │ 30                                                                                                                    │
├───────────────────────────────┼───────────────────────────────────────────────────────────────────────────────────────────────────────────────────────┤
│ parquet_target_col            │ target                                                                                                                │
├───────────────────────────────┼───────────────────────────────────────────────────────────────────────────────────────────────────────────────────────┤
│ parquet_task_type             │ binary_class                                                                                                          │
├───────────────────────────────┼───────────────────────────────────────────────────────────────────────────────────────────────────────────────────────┤
│ parquet_id_col                │ ID                                                                                                                    │
├───────────────────────────────┼───────────────────────────────────────────────────────────────────────────────────────────────────────────────────────┤
│ parquet_preload_data          │ True                                                                                                                  │
├───────────────────────────────┼───────────────────────────────────────────────────────────────────────────────────────────────────────────────────────┤
│ parquet_shuffle               │ True                                                                                                                  │
├───────────────────────────────┼───────────────────────────────────────────────────────────────────────────────────────────────────────────────────────┤
│ parquet_scaling_method        │ mean_std                                                                                                              │
├───────────────────────────────┼───────────────────────────────────────────────────────────────────────────────────────────────────────────────────────┤
│ parquet_infill_value          │ zero                                                                                                                  │
├───────────────────────────────┼───────────────────────────────────────────────────────────────────────────────────────────────────────────────────────┤
│ parquet_transform             │                                                                                                                       │
├───────────────────────────────┼───────────────────────────────────────────────────────────────────────────────────────────────────────────────────────┤
│ parquet_categorize_nan        │ False                                                                                                                 │
├───────────────────────────────┼───────────────────────────────────────────────────────────────────────────────────────────────────────────────────────┤
│ parquet_clip_min              │                                                                                                                       │
├───────────────────────────────┼───────────────────────────────────────────────────────────────────────────────────────────────────────────────────────┤
│ parquet_clip_max              │                                                                                                                       │
├───────────────────────────────┼───────────────────────────────────────────────────────────────────────────────────────────────────────────────────────┤
│ tag                           │                                                                                                                       │
├───────────────────────────────┼───────────────────────────────────────────────────────────────────────────────────────────────────────────────────────┤
│ project_name                  │ linear_probe_test                                                                                                     │
├───────────────────────────────┼───────────────────────────────────────────────────────────────────────────────────────────────────────────────────────┤
│ test                          │ True                                                                                                                  │
├───────────────────────────────┼───────────────────────────────────────────────────────────────────────────────────────────────────────────────────────┤
│ exp_n_runs                    │ 1                                                                                                                     │
├───────────────────────────────┼───────────────────────────────────────────────────────────────────────────────────────────────────────────────────────┤
│ exp_device                    │                                                                                                                       │
├───────────────────────────────┼───────────────────────────────────────────────────────────────────────────────────────────────────────────────────────┤
│ np_seed                       │ 42                                                                                                                    │
├───────────────────────────────┼───────────────────────────────────────────────────────────────────────────────────────────────────────────────────────┤
│ torch_seed                    │ 42                                                                                                                    │
├───────────────────────────────┼───────────────────────────────────────────────────────────────────────────────────────────────────────────────────────┤
│ random                        │ False                                                                                                                 │
├───────────────────────────────┼───────────────────────────────────────────────────────────────────────────────────────────────────────────────────────┤
│ batch_size                    │ 512                                                                                                                   │
├───────────────────────────────┼───────────────────────────────────────────────────────────────────────────────────────────────────────────────────────┤
│ val_batch_size                │ -1                                                                                                                    │
├───────────────────────────────┼───────────────────────────────────────────────────────────────────────────────────────────────────────────────────────┤
│ exp_train_total_epochs        │ 5                                                                                                                     │
├───────────────────────────────┼───────────────────────────────────────────────────────────────────────────────────────────────────────────────────────┤
│ exp_patience                  │ 10                                                                                                                    │
├───────────────────────────────┼───────────────────────────────────────────────────────────────────────────────────────────────────────────────────────┤
│ log_tensorboard               │ False                                                                                                                 │
├───────────────────────────────┼───────────────────────────────────────────────────────────────────────────────────────────────────────────────────────┤
│ exp_cadence_type              │ improvement                                                                                                           │
├───────────────────────────────┼───────────────────────────────────────────────────────────────────────────────────────────────────────────────────────┤
│ exp_cache_cadence             │ 1                                                                                                                     │
├───────────────────────────────┼───────────────────────────────────────────────────────────────────────────────────────────────────────────────────────┤
│ exp_val_cache_cadence         │ 1                                                                                                                     │
├───────────────────────────────┼───────────────────────────────────────────────────────────────────────────────────────────────────────────────────────┤
│ init_type                     │ kaiming                                                                                                               │
├───────────────────────────────┼───────────────────────────────────────────────────────────────────────────────────────────────────────────────────────┤
│ exp_scheduler                 │ True                                                                                                                  │
├───────────────────────────────┼───────────────────────────────────────────────────────────────────────────────────────────────────────────────────────┤
│ exp_weight_decay_scheduler    │ True                                                                                                                  │
├───────────────────────────────┼───────────────────────────────────────────────────────────────────────────────────────────────────────────────────────┤
│ exp_start_lr                  │ 0.001                                                                                                                 │
├───────────────────────────────┼───────────────────────────────────────────────────────────────────────────────────────────────────────────────────────┤
│ exp_lr                        │ 0.0001                                                                                                                │
├───────────────────────────────┼───────────────────────────────────────────────────────────────────────────────────────────────────────────────────────┤
│ exp_final_lr                  │ 0                                                                                                                     │
├───────────────────────────────┼───────────────────────────────────────────────────────────────────────────────────────────────────────────────────────┤
│ exp_warmup                    │ 0.05                                                                                                                  │
├───────────────────────────────┼───────────────────────────────────────────────────────────────────────────────────────────────────────────────────────┤
│ exp_weight_decay              │ 1e-05                                                                                                                 │
├───────────────────────────────┼───────────────────────────────────────────────────────────────────────────────────────────────────────────────────────┤
│ exp_final_weight_decay        │ 0.01                                                                                                                  │
├───────────────────────────────┼───────────────────────────────────────────────────────────────────────────────────────────────────────────────────────┤
│ exp_ipe_scale                 │ 1.0                                                                                                                   │
├───────────────────────────────┼───────────────────────────────────────────────────────────────────────────────────────────────────────────────────────┤
│ exp_gradient_clipping         │ 1.0                                                                                                                   │
├───────────────────────────────┼───────────────────────────────────────────────────────────────────────────────────────────────────────────────────────┤
│ mp_distributed                │ False                                                                                                                 │
├───────────────────────────────┼───────────────────────────────────────────────────────────────────────────────────────────────────────────────────────┤
│ mp_nodes                      │ 1                                                                                                                     │
├───────────────────────────────┼───────────────────────────────────────────────────────────────────────────────────────────────────────────────────────┤
│ mp_gpus                       │ 1                                                                                                                     │
├───────────────────────────────┼───────────────────────────────────────────────────────────────────────────────────────────────────────────────────────┤
│ mp_nr                         │ 0                                                                                                                     │
├───────────────────────────────┼───────────────────────────────────────────────────────────────────────────────────────────────────────────────────────┤
│ pin_memory                    │ True                                                                                                                  │
├───────────────────────────────┼───────────────────────────────────────────────────────────────────────────────────────────────────────────────────────┤
│ using_embedding               │ False                                                                                                                 │
├───────────────────────────────┼───────────────────────────────────────────────────────────────────────────────────────────────────────────────────────┤
│ model_dtype                   │ float32                                                                                                               │
├───────────────────────────────┼───────────────────────────────────────────────────────────────────────────────────────────────────────────────────────┤
│ data_loader_nprocs            │ 0                                                                                                                     │
├───────────────────────────────┼───────────────────────────────────────────────────────────────────────────────────────────────────────────────────────┤
│ load_from_checkpoint          │ False                                                                                                                 │
├───────────────────────────────┼───────────────────────────────────────────────────────────────────────────────────────────────────────────────────────┤
│ load_path                     │                                                                                                                       │
├───────────────────────────────┼───────────────────────────────────────────────────────────────────────────────────────────────────────────────────────┤
│ model_amp                     │ False                                                                                                                 │
├───────────────────────────────┼───────────────────────────────────────────────────────────────────────────────────────────────────────────────────────┤
│ model_feature_type_embedding  │ True                                                                                                                  │
├───────────────────────────────┼───────────────────────────────────────────────────────────────────────────────────────────────────────────────────────┤
│ model_feature_index_embedding │ True                                                                                                                  │
├───────────────────────────────┼───────────────────────────────────────────────────────────────────────────────────────────────────────────────────────┤
│ model_dropout_prob            │ 0.1                                                                                                                   │
├───────────────────────────────┼───────────────────────────────────────────────────────────────────────────────────────────────────────────────────────┤
│ model_layer_norm_eps          │ 1e-05                                                                                                                 │
├───────────────────────────────┼───────────────────────────────────────────────────────────────────────────────────────────────────────────────────────┤
│ model_dim_hidden              │ 64                                                                                                                    │
├───────────────────────────────┼───────────────────────────────────────────────────────────────────────────────────────────────────────────────────────┤
│ model_dim_feedforward         │ 256                                                                                                                   │
├───────────────────────────────┼───────────────────────────────────────────────────────────────────────────────────────────────────────────────────────┤
│ model_num_heads               │ 4                                                                                                                     │
├───────────────────────────────┼───────────────────────────────────────────────────────────────────────────────────────────────────────────────────────┤
│ model_num_layers              │ 4                                                                                                                     │
├───────────────────────────────┼───────────────────────────────────────────────────────────────────────────────────────────────────────────────────────┤
│ model_ema_end                 │ 1                                                                                                                     │
├───────────────────────────────┼───────────────────────────────────────────────────────────────────────────────────────────────────────────────────────┤
│ model_ema_start               │ 0.996                                                                                                                 │
├───────────────────────────────┼───────────────────────────────────────────────────────────────────────────────────────────────────────────────────────┤
│ model_act_func                │ relu                                                                                                                  │
├───────────────────────────────┼───────────────────────────────────────────────────────────────────────────────────────────────────────────────────────┤
│ probe_cadence                 │ 2                                                                                                                     │
├───────────────────────────────┼───────────────────────────────────────────────────────────────────────────────────────────────────────────────────────┤
│ probe_model                   │ mlp                                                                                                                   │
├───────────────────────────────┼───────────────────────────────────────────────────────────────────────────────────────────────────────────────────────┤
│ n_cls_tokens                  │ 1                                                                                                                     │
├───────────────────────────────┼───────────────────────────────────────────────────────────────────────────────────────────────────────────────────────┤
│ n_reg_tokens                  │ 1                                                                                                                     │
├───────────────────────────────┼───────────────────────────────────────────────────────────────────────────────────────────────────────────────────────┤
│ pred_type                     │ transformer                                                                                                           │
├───────────────────────────────┼───────────────────────────────────────────────────────────────────────────────────────────────────────────────────────┤
│ pred_num_layers               │ 2                                                                                                                     │
├───────────────────────────────┼───────────────────────────────────────────────────────────────────────────────────────────────────────────────────────┤
│ pred_embed_dim                │ 64                                                                                                                    │
├───────────────────────────────┼───────────────────────────────────────────────────────────────────────────────────────────────────────────────────────┤
│ pred_num_heads                │ 4                                                                                                                     │
├───────────────────────────────┼───────────────────────────────────────────────────────────────────────────────────────────────────────────────────────┤
│ pred_p_dropout                │ 0.1                                                                                                                   │
├───────────────────────────────┼───────────────────────────────────────────────────────────────────────────────────────────────────────────────────────┤
│ pred_layer_norm_eps           │ 1e-05                                                                                                                 │
├───────────────────────────────┼───────────────────────────────────────────────────────────────────────────────────────────────────────────────────────┤
│ pred_activation               │ relu                                                                                                                  │
├───────────────────────────────┼───────────────────────────────────────────────────────────────────────────────────────────────────────────────────────┤
│ pred_dim_feedforward          │ 256                                                                                                                   │
├───────────────────────────────┼───────────────────────────────────────────────────────────────────────────────────────────────────────────────────────┤
│ mask_allow_overlap            │ False                                                                                                                 │
├───────────────────────────────┼───────────────────────────────────────────────────────────────────────────────────────────────────────────────────────┤
│ mask_min_ctx_share            │ 0.2                                                                                                                   │
├───────────────────────────────┼───────────────────────────────────────────────────────────────────────────────────────────────────────────────────────┤
│ mask_max_ctx_share            │ 0.4                                                                                                                   │
├───────────────────────────────┼───────────────────────────────────────────────────────────────────────────────────────────────────────────────────────┤
│ mask_min_trgt_share           │ 0.2                                                                                                                   │
├───────────────────────────────┼───────────────────────────────────────────────────────────────────────────────────────────────────────────────────────┤
│ mask_max_trgt_share           │ 0.4                                                                                                                   │
├───────────────────────────────┼───────────────────────────────────────────────────────────────────────────────────────────────────────────────────────┤
│ mask_num_preds                │ 4                                                                                                                     │
├───────────────────────────────┼───────────────────────────────────────────────────────────────────────────────────────────────────────────────────────┤
│ mask_num_encs                 │ 1                                                                                                                     │
├───────────────────────────────┼───────────────────────────────────────────────────────────────────────────────────────────────────────────────────────┤
│ optuna_study_name             │                                                                                                                       │
├───────────────────────────────┼───────────────────────────────────────────────────────────────────────────────────────────────────────────────────────┤
│ optuna_trial_number           │                                                                                                                       │
├───────────────────────────────┼───────────────────────────────────────────────────────────────────────────────────────────────────────────────────────┤
│ optuna_output_dir             │                                                                                                                       │
├───────────────────────────────┼───────────────────────────────────────────────────────────────────────────────────────────────────────────────────────┤
│ is_batchlearning              │ True                                                                                                                  │
├───────────────────────────────┼───────────────────────────────────────────────────────────────────────────────────────────────────────────────────────┤
│ iteration                     │ 0                                                                                                                     │
╘═══════════════════════════════╧═══════════════════════════════════════════════════════════════════════════════════════════════════════════════════════╛
[Debug] Loading dataset …
[Debug] Parquet dataset ready (preprocessing handled by LocalFilesDataset)
/home/aminmohamadi_squareup_com/projects/t-jepa-parquet-scaling/src/tjepa_transformer.py:172: UserWarning: enable_nested_tensor is True, but self.use_nested_tensor is False because encoder_layer was not TransformerEncoderLayer
  warnings.warn(
/home/aminmohamadi_squareup_com/projects/t-jepa-parquet-scaling/run.py:232: FutureWarning: `torch.cuda.amp.GradScaler(args...)` is deprecated. Please use `torch.amp.GradScaler('cuda', args...)` instead.
  scaler = GradScaler(enabled=args.model_amp)
Encoder Module parameters:
+-------------------+----------------------------------------------------------------------------------------------------------------+
|     Parameter     |                                                     Value                                                      |
+-------------------+----------------------------------------------------------------------------------------------------------------+
|    hidden_dim     |                                                       64                                                       |
| idx_num_features  | [0, 1, 2, 3, 4, 5, 6, 7, 8, 9, 10, 11, 12, 13, 14, 15, 16, 17, 18, 19, 20, 21, 22, 23, 24, 25, 26, 27, 28, 29] |
| idx_cat_features  |                                                       []                                                       |
|   cardinalities   |                                                       []                                                       |
| n_input_features  |                                                       30                                                       |
|      device       |                                                     cuda:0                                                     |
|    num_layers     |                                                       4                                                        |
|     num_heads     |                                                       4                                                        |
|     p_dropout     |                                                      0.1                                                       |
|  layer_norm_eps   |                                                     1e-05                                                      |
| gradient_clipping |                                                      1.0                                                       |
|  dim_feedforward  |                                                      256                                                       |
+-------------------+----------------------------------------------------------------------------------------------------------------+
Using feature index embedding (unique embedding for each column).
Clipping gradients to value 1.0.
Predictors Module parameters:
+-----------------+--------+
|    Parameter    | Value  |
+-----------------+--------+
|   hidden_dim    |   64   |
|  num_features   |   30   |
|   num_layers    |   2    |
|    num_heads    |   4    |
|    p_dropout    |  0.1   |
| layer_norm_eps  | 1e-05  |
|   activation    |  relu  |
| pred_embed_dim  |   64   |
|     device      | cuda:0 |
|  cardinalities  |   []   |
| dim_feedforward |  256   |
+-----------------+--------+
MaskCollator params:
-----------------  -----
Allow overlap      False
Min context share  0.2
Max context share  0.4
Min target share   0.2
Max target share   0.4
Min context        6
Max context        12
Min target         6
Max target         12
Num preds          4
Num encs           1
Num features       30
Cardinalities      []
-----------------  -----
[Debug] Building DataLoader …
[Debug] Parquet DataLoader created (pre-batched, batch_size=512)
[Debug] DataLoader built
[Debug] ipe (iterations per epoch) = 585
[Debug] Instantiating Trainer
[Debug] is_main_process=True
[Debug] Trainer instantiated
Starting training…
2025/11/07 17:37:04 INFO mlflow.system_metrics.system_metrics_monitor: Skip logging GPU metrics. Set logger level to DEBUG for more details.
2025/11/07 17:37:04 INFO mlflow.system_metrics.system_metrics_monitor: Started monitoring system metrics.
Running probe at epoch 0
Generating embedding using: Encoder
  0%|          | 0/3 [00:00<?, ?it/s]/home/aminmohamadi_squareup_com/projects/t-jepa-parquet-scaling/src/encoder.py:273: UserWarning: The use of `x.T` on tensors of dimension other than 2 to reverse their shape is deprecated and it will throw an error in a future release. Consider `x.mT` to transpose batches of matrices or `x.permute(*torch.arange(x.ndim - 1, -1, -1))` to reverse the dimensions of a tensor. (Triggered internally at /pytorch/aten/src/ATen/native/TensorShape.cpp:4416.)
  _debug_values(x[0].T, title="Before linear embedding")
 33%|███▎      | 1/3 [00:00<00:00,  7.26it/s]100%|██████████| 3/3 [00:00<00:00, 20.14it/s]
/home/aminmohamadi_squareup_com/projects/.hermit/python/lib/python3.11/site-packages/lightning_fabric/plugins/environments/slurm.py:204: The `srun` command is available on your system but is not used. HINT: If your intention is to run Lightning on SLURM, prepend your python command with `srun` like so: srun python run.py --use_parquet_dataset=True --data_set=parquet ...
GPU available: True (cuda), used: True
TPU available: False, using: 0 TPU cores
HPU available: False, using: 0 HPUs
/home/aminmohamadi_squareup_com/projects/.hermit/python/lib/python3.11/site-packages/torch/__init__.py:1551: UserWarning: Please use the new API settings to control TF32 behavior, such as torch.backends.cudnn.conv.fp32_precision = 'tf32' or torch.backends.cuda.matmul.fp32_precision = 'ieee'. Old settings, e.g, torch.backends.cuda.matmul.allow_tf32 = True, torch.backends.cudnn.allow_tf32 = True, allowTF32CuDNN() and allowTF32CuBLAS() will be deprecated after Pytorch 2.9. Please see https://pytorch.org/docs/main/notes/cuda.html#tensorfloat-32-tf32-on-ampere-and-later-devices (Triggered internally at /pytorch/aten/src/ATen/Context.cpp:80.)
  return _C._get_float32_matmul_precision()
You are using a CUDA device ('NVIDIA H100 80GB HBM3') that has Tensor Cores. To properly utilize them, you should set `torch.set_float32_matmul_precision('medium' | 'high')` which will trade-off precision for performance. For more details, read https://pytorch.org/docs/stable/generated/torch.set_float32_matmul_precision.html#torch.set_float32_matmul_precision
Initializing distributed: GLOBAL_RANK: 0, MEMBER: 1/1
----------------------------------------------------------------------------------------------------
distributed_backend=nccl
All distributed processes registered. Starting with 1 processes
----------------------------------------------------------------------------------------------------

/home/aminmohamadi_squareup_com/projects/.hermit/python/lib/python3.11/site-packages/pytorch_lightning/callbacks/model_checkpoint.py:751: Checkpoint directory /home/aminmohamadi_squareup_com/projects/t-jepa-parquet-scaling/checkpoints exists and is not empty.
LOCAL_RANK: 0 - CUDA_VISIBLE_DEVICES: [0]

  | Name    | Type              | Params | Mode 
------------------------------------------------------
0 | loss    | BCEWithLogitsLoss | 0      | train
1 | head    | Linear            | 257    | train
2 | encoder | Sequential        | 268 K  | train
------------------------------------------------------
268 K     Trainable params
0         Non-trainable params
268 K     Total params
1.076     Total estimated model params size (MB)
21        Modules in train mode
0         Modules in eval mode
Loading mlp
╒══════════════════════╤════════════════════╕
│ dataset_name         │ parquet_chargeback │
├──────────────────────┼────────────────────┤
│ encoder_type         │ linear_flatten     │
├──────────────────────┼────────────────────┤
│ exp_lr               │ 0.001              │
├──────────────────────┼────────────────────┤
│ exp_weight_decay     │ 2e-05              │
├──────────────────────┼────────────────────┤
│ input_dim            │ 31                 │
├──────────────────────┼────────────────────┤
│ input_embed_dim      │ 64                 │
├──────────────────────┼────────────────────┤
│ iterations_per_epoch │ 8                  │
├──────────────────────┼────────────────────┤
│ num_epochs           │ 1                  │
├──────────────────────┼────────────────────┤
│ out_dim              │ 1                  │
├──────────────────────┼────────────────────┤
│ summary_input        │ (128, 31, 64)      │
╘══════════════════════╧════════════════════╛
Model Parameters
╒════════════════════════════════════════════════════╤════════════════════╕
│ Param                                              │ Value              │
╞════════════════════════════════════════════════════╪════════════════════╡
│ emb_dim                                            │ 31                 │
├────────────────────────────────────────────────────┼────────────────────┤
│ n_hidden                                           │ 4                  │
├────────────────────────────────────────────────────┼────────────────────┤
│ hidden_dim                                         │ 256                │
├────────────────────────────────────────────────────┼────────────────────┤
│ dropout                                            │ 0.1                │
├────────────────────────────────────────────────────┼────────────────────┤
│ out_dim                                            │ 1                  │
├────────────────────────────────────────────────────┼────────────────────┤
│ using_embedding                                    │ True               │
├────────────────────────────────────────────────────┼────────────────────┤
│ encoder_type                                       │ linear_flatten     │
├────────────────────────────────────────────────────┼────────────────────┤
│ input_embed_dim                                    │ 64                 │
├────────────────────────────────────────────────────┼────────────────────┤
│ training                                           │ True               │
├────────────────────────────────────────────────────┼────────────────────┤
│ prepare_data_per_node                              │ True               │
├────────────────────────────────────────────────────┼────────────────────┤
│ allow_zero_length_dataloader_with_multiple_devices │ False              │
├────────────────────────────────────────────────────┼────────────────────┤
│ _log_hyperparams                                   │ False              │
├────────────────────────────────────────────────────┼────────────────────┤
│ _automatic_optimization                            │ True               │
├────────────────────────────────────────────────────┼────────────────────┤
│ _fabric_optimizers                                 │ []                 │
├────────────────────────────────────────────────────┼────────────────────┤
│ lr                                                 │ 0.001              │
├────────────────────────────────────────────────────┼────────────────────┤
│ weight_decay                                       │ 2e-05              │
├────────────────────────────────────────────────────┼────────────────────┤
│ T_max                                              │ 8                  │
├────────────────────────────────────────────────────┼────────────────────┤
│ eta_min                                            │ 0.0                │
├────────────────────────────────────────────────────┼────────────────────┤
│ dataset_name                                       │ parquet_chargeback │
├────────────────────────────────────────────────────┼────────────────────┤
│ task_type                                          │ binary_class       │
╘════════════════════════════════════════════════════╧════════════════════╛
==========================================================================================
Layer (type:depth-idx)                   Output Shape              Param #
==========================================================================================
MLP                                      [128, 1]                  --
├─Sequential: 1-1                        [128, 256]                --
│    └─EncodeEmbeddingFeatures: 2-1      [128, 31]                 --
│    │    └─Linear: 3-1                  [128, 31]                 61,535
│    └─Linear: 2-2                       [128, 256]                8,192
│    └─Sequential: 2-3                   [128, 256]                --
│    │    └─Linear: 3-2                  [128, 256]                65,792
│    │    └─ReLU: 3-3                    [128, 256]                --
│    │    └─Dropout: 3-4                 [128, 256]                --
│    │    └─BatchNorm1d: 3-5             [128, 256]                512
│    └─Sequential: 2-4                   [128, 256]                --
│    │    └─Linear: 3-6                  [128, 256]                65,792
│    │    └─ReLU: 3-7                    [128, 256]                --
│    │    └─Dropout: 3-8                 [128, 256]                --
│    │    └─BatchNorm1d: 3-9             [128, 256]                512
│    └─Sequential: 2-5                   [128, 256]                --
│    │    └─Linear: 3-10                 [128, 256]                65,792
│    │    └─ReLU: 3-11                   [128, 256]                --
│    │    └─Dropout: 3-12                [128, 256]                --
│    │    └─BatchNorm1d: 3-13            [128, 256]                512
├─Linear: 1-2                            [128, 1]                  257
==========================================================================================
Total params: 268,896
Trainable params: 268,896
Non-trainable params: 0
Total mult-adds (Units.MEGABYTES): 34.42
==========================================================================================
Input size (MB): 1.02
Forward/backward pass size (MB): 1.87
Params size (MB): 1.08
Estimated Total Size (MB): 3.96
==========================================================================================
Sanity Checking: |          | 0/? [00:00<?, ?it/s]/home/aminmohamadi_squareup_com/projects/.hermit/python/lib/python3.11/site-packages/pytorch_lightning/trainer/connectors/data_connector.py:433: The 'val_dataloader' does not have many workers which may be a bottleneck. Consider increasing the value of the `num_workers` argument` to `num_workers=15` in the `DataLoader` to improve performance.
Sanity Checking: |          | 0/? [00:00<?, ?it/s]Sanity Checking DataLoader 0:   0%|          | 0/1 [00:00<?, ?it/s]Sanity Checking DataLoader 0: 100%|██████████| 1/1 [00:00<00:00, 11.44it/s]/home/aminmohamadi_squareup_com/projects/.hermit/python/lib/python3.11/site-packages/pytorch_lightning/trainer/connectors/logger_connector/result.py:434: It is recommended to use `self.log('parquet_chargeback_val_loss', ..., sync_dist=True)` when logging on epoch level in distributed setting to accumulate the metric across devices.
/home/aminmohamadi_squareup_com/projects/.hermit/python/lib/python3.11/site-packages/pytorch_lightning/trainer/connectors/logger_connector/result.py:434: It is recommended to use `self.log('lr', ..., sync_dist=True)` when logging on epoch level in distributed setting to accumulate the metric across devices.
/home/aminmohamadi_squareup_com/projects/.hermit/python/lib/python3.11/site-packages/pytorch_lightning/trainer/connectors/logger_connector/result.py:434: It is recommended to use `self.log('parquet_chargeback_val_accuracy', ..., sync_dist=True)` when logging on epoch level in distributed setting to accumulate the metric across devices.
/home/aminmohamadi_squareup_com/projects/.hermit/python/lib/python3.11/site-packages/pytorch_lightning/trainer/connectors/logger_connector/result.py:434: It is recommended to use `self.log('parquet_chargeback_val_precision', ..., sync_dist=True)` when logging on epoch level in distributed setting to accumulate the metric across devices.
/home/aminmohamadi_squareup_com/projects/.hermit/python/lib/python3.11/site-packages/pytorch_lightning/trainer/connectors/logger_connector/result.py:434: It is recommended to use `self.log('parquet_chargeback_val_recall', ..., sync_dist=True)` when logging on epoch level in distributed setting to accumulate the metric across devices.
/home/aminmohamadi_squareup_com/projects/.hermit/python/lib/python3.11/site-packages/pytorch_lightning/trainer/connectors/logger_connector/result.py:434: It is recommended to use `self.log('parquet_chargeback_val_f1-score', ..., sync_dist=True)` when logging on epoch level in distributed setting to accumulate the metric across devices.
/home/aminmohamadi_squareup_com/projects/.hermit/python/lib/python3.11/site-packages/pytorch_lightning/trainer/connectors/logger_connector/result.py:434: It is recommended to use `self.log('parquet_chargeback_val_support', ..., sync_dist=True)` when logging on epoch level in distributed setting to accumulate the metric across devices.
/home/aminmohamadi_squareup_com/projects/.hermit/python/lib/python3.11/site-packages/pytorch_lightning/trainer/connectors/logger_connector/result.py:434: It is recommended to use `self.log('parquet_chargeback_val_roc_auc', ..., sync_dist=True)` when logging on epoch level in distributed setting to accumulate the metric across devices.
/home/aminmohamadi_squareup_com/projects/.hermit/python/lib/python3.11/site-packages/pytorch_lightning/trainer/connectors/logger_connector/result.py:434: It is recommended to use `self.log('parquet_chargeback_val_score', ..., sync_dist=True)` when logging on epoch level in distributed setting to accumulate the metric across devices.
                                                                           /home/aminmohamadi_squareup_com/projects/.hermit/python/lib/python3.11/site-packages/pytorch_lightning/trainer/connectors/data_connector.py:433: The 'train_dataloader' does not have many workers which may be a bottleneck. Consider increasing the value of the `num_workers` argument` to `num_workers=15` in the `DataLoader` to improve performance.
/home/aminmohamadi_squareup_com/projects/.hermit/python/lib/python3.11/site-packages/pytorch_lightning/loops/fit_loop.py:310: The number of training batches (8) is smaller than the logging interval Trainer(log_every_n_steps=10). Set a lower value for log_every_n_steps if you want to see logs for the training epoch.
Training: |          | 0/? [00:00<?, ?it/s]Training: |          | 0/? [00:00<?, ?it/s]Epoch 0:   0%|          | 0/8 [00:00<?, ?it/s]Epoch 0:  12%|█▎        | 1/8 [00:00<00:01,  4.87it/s]Epoch 0:  12%|█▎        | 1/8 [00:00<00:01,  4.86it/s, v_num=7-06]Epoch 0:  25%|██▌       | 2/8 [00:00<00:00,  9.34it/s, v_num=7-06]Epoch 0:  25%|██▌       | 2/8 [00:00<00:00,  9.33it/s, v_num=7-06]Epoch 0:  38%|███▊      | 3/8 [00:00<00:00, 13.50it/s, v_num=7-06]Epoch 0:  38%|███▊      | 3/8 [00:00<00:00, 13.49it/s, v_num=7-06]Epoch 0:  50%|█████     | 4/8 [00:00<00:00, 17.50it/s, v_num=7-06]Epoch 0:  50%|█████     | 4/8 [00:00<00:00, 17.49it/s, v_num=7-06]Epoch 0:  62%|██████▎   | 5/8 [00:00<00:00, 21.28it/s, v_num=7-06]Epoch 0:  62%|██████▎   | 5/8 [00:00<00:00, 21.26it/s, v_num=7-06]Epoch 0:  75%|███████▌  | 6/8 [00:00<00:00, 24.88it/s, v_num=7-06]Epoch 0:  75%|███████▌  | 6/8 [00:00<00:00, 24.87it/s, v_num=7-06]Epoch 0:  88%|████████▊ | 7/8 [00:00<00:00, 28.31it/s, v_num=7-06]Epoch 0:  88%|████████▊ | 7/8 [00:00<00:00, 28.29it/s, v_num=7-06]Epoch 0: 100%|██████████| 8/8 [00:00<00:00, 31.57it/s, v_num=7-06]Epoch 0: 100%|██████████| 8/8 [00:00<00:00, 31.55it/s, v_num=7-06]
Validation: |          | 0/? [00:00<?, ?it/s][A
Validation: |          | 0/? [00:00<?, ?it/s][A
Validation DataLoader 0:   0%|          | 0/1 [00:00<?, ?it/s][A
Validation DataLoader 0: 100%|██████████| 1/1 [00:00<00:00, 94.70it/s][A
                                                                      [AEpoch 0: 100%|██████████| 8/8 [00:00<00:00, 18.87it/s, v_num=7-06]Epoch 0: 100%|██████████| 8/8 [00:00<00:00, 18.84it/s, v_num=7-06]2025/11/07 17:37:09 INFO mlflow.system_metrics.system_metrics_monitor: Stopping system metrics monitoring...
2025/11/07 17:37:09 INFO mlflow.system_metrics.system_metrics_monitor: Successfully terminated system metrics monitoring!
🏃 View run parquet_chargeback__model_nlyrs_4_nheads_4_hdim_64__pred_ovrlap_F_npreds_4__nlyrs_2_activ_relunenc_1__lr_0.0001_start_0.001_final_0_20251107_173703_epoch_0_probe at: https://block-lakehouse-production.cloud.databricks.com/ml/experiments/3770822289003867/runs/36d6bd698d094a39a7a27ccfc53a2980
🧪 View experiment at: https://block-lakehouse-production.cloud.databricks.com/ml/experiments/3770822289003867
🏃 View run parquet_chargeback__model_nlyrs_4_nheads_4_hdim_64__pred_ovrlap_F_npreds_4__nlyrs_2_activ_relunenc_1__lr_0.0001_start_0.001_final_0_20251107_173703 at: https://block-lakehouse-production.cloud.databricks.com/ml/experiments/3770822289003867/runs/c2003d0523e749dbb08124f3c95834cc
🧪 View experiment at: https://block-lakehouse-production.cloud.databricks.com/ml/experiments/3770822289003867
[rank0]: Traceback (most recent call last):
[rank0]:   File "/home/aminmohamadi_squareup_com/projects/t-jepa-parquet-scaling/run.py", line 449, in <module>
[rank0]:     main(args)
[rank0]:   File "/home/aminmohamadi_squareup_com/projects/t-jepa-parquet-scaling/run.py", line 396, in main
[rank0]:     trainer.train()
[rank0]:   File "/home/aminmohamadi_squareup_com/projects/t-jepa-parquet-scaling/src/train.py", line 373, in train
[rank0]:     trainer.fit(model, datamodule=datamodule)
[rank0]:   File "/home/aminmohamadi_squareup_com/projects/.hermit/python/lib/python3.11/site-packages/pytorch_lightning/trainer/trainer.py", line 560, in fit
[rank0]:     call._call_and_handle_interrupt(
[rank0]:   File "/home/aminmohamadi_squareup_com/projects/.hermit/python/lib/python3.11/site-packages/pytorch_lightning/trainer/call.py", line 48, in _call_and_handle_interrupt
[rank0]:     return trainer.strategy.launcher.launch(trainer_fn, *args, trainer=trainer, **kwargs)
[rank0]:            ^^^^^^^^^^^^^^^^^^^^^^^^^^^^^^^^^^^^^^^^^^^^^^^^^^^^^^^^^^^^^^^^^^^^^^^^^^^^^^
[rank0]:   File "/home/aminmohamadi_squareup_com/projects/.hermit/python/lib/python3.11/site-packages/pytorch_lightning/strategies/launchers/subprocess_script.py", line 105, in launch
[rank0]:     return function(*args, **kwargs)
[rank0]:            ^^^^^^^^^^^^^^^^^^^^^^^^^
[rank0]:   File "/home/aminmohamadi_squareup_com/projects/.hermit/python/lib/python3.11/site-packages/pytorch_lightning/trainer/trainer.py", line 598, in _fit_impl
[rank0]:     self._run(model, ckpt_path=ckpt_path)
[rank0]:   File "/home/aminmohamadi_squareup_com/projects/.hermit/python/lib/python3.11/site-packages/pytorch_lightning/trainer/trainer.py", line 1011, in _run
[rank0]:     results = self._run_stage()
[rank0]:               ^^^^^^^^^^^^^^^^^
[rank0]:   File "/home/aminmohamadi_squareup_com/projects/.hermit/python/lib/python3.11/site-packages/pytorch_lightning/trainer/trainer.py", line 1055, in _run_stage
[rank0]:     self.fit_loop.run()
[rank0]:   File "/home/aminmohamadi_squareup_com/projects/.hermit/python/lib/python3.11/site-packages/pytorch_lightning/loops/fit_loop.py", line 217, in run
[rank0]:     self.on_advance_end()
[rank0]:   File "/home/aminmohamadi_squareup_com/projects/.hermit/python/lib/python3.11/site-packages/pytorch_lightning/loops/fit_loop.py", line 473, in on_advance_end
[rank0]:     call._call_callback_hooks(trainer, "on_train_epoch_end", monitoring_callbacks=True)
[rank0]:   File "/home/aminmohamadi_squareup_com/projects/.hermit/python/lib/python3.11/site-packages/pytorch_lightning/trainer/call.py", line 228, in _call_callback_hooks
[rank0]:     fn(trainer, trainer.lightning_module, *args, **kwargs)
[rank0]:   File "/home/aminmohamadi_squareup_com/projects/.hermit/python/lib/python3.11/site-packages/pytorch_lightning/callbacks/early_stopping.py", line 190, in on_train_epoch_end
[rank0]:     self._run_early_stopping_check(trainer)
[rank0]:   File "/home/aminmohamadi_squareup_com/projects/.hermit/python/lib/python3.11/site-packages/pytorch_lightning/callbacks/early_stopping.py", line 202, in _run_early_stopping_check
[rank0]:     if trainer.fast_dev_run or not self._validate_condition_metric(  # disable early_stopping with fast_dev_run
[rank0]:                                    ^^^^^^^^^^^^^^^^^^^^^^^^^^^^^^^^^^^^^^^^^^^^^^^^^^^^^^^^^^^^^^^^^^^^^^^^^^^^
[rank0]:   File "/home/aminmohamadi_squareup_com/projects/.hermit/python/lib/python3.11/site-packages/pytorch_lightning/callbacks/early_stopping.py", line 153, in _validate_condition_metric
[rank0]:     raise RuntimeError(error_msg)
[rank0]: RuntimeError: Early stopping conditioned on metric `parquet_dataset_val_loss` which is not available. Pass in or modify your `EarlyStopping` callback to use any of the following: `parquet_chargeback_train_loss`, `lr`, `parquet_chargeback_val_loss`, `parquet_chargeback_val_accuracy`, `parquet_chargeback_val_precision`, `parquet_chargeback_val_recall`, `parquet_chargeback_val_f1-score`, `parquet_chargeback_val_support`, `parquet_chargeback_val_roc_auc`, `parquet_chargeback_val_score`
Epoch 0: 100%|██████████| 8/8 [00:01<00:00,  4.89it/s, v_num=7-06]
========================================================================
Training completed with exit code: 1
========================================================================
✗ FAILED: Training exited with error code 1
