========================================================================
Linear Probe Integration Test - End-to-End
========================================================================
Job ID: 14087
Node: smallslurm-a31sp-5
Date: Fri Nov  7 17:33:19 UTC 2025
========================================================================
Hermit environment /home/aminmohamadi_squareup_com/projects activated
Fri Nov  7 17:33:19 2025       
+-----------------------------------------------------------------------------------------+
| NVIDIA-SMI 550.90.12              Driver Version: 550.90.12      CUDA Version: 12.4     |
|-----------------------------------------+------------------------+----------------------+
| GPU  Name                 Persistence-M | Bus-Id          Disp.A | Volatile Uncorr. ECC |
| Fan  Temp   Perf          Pwr:Usage/Cap |           Memory-Usage | GPU-Util  Compute M. |
|                                         |                        |               MIG M. |
|=========================================+========================+======================|
|   0  NVIDIA H100 80GB HBM3          On  |   00000000:04:00.0 Off |                    0 |
| N/A   33C    P0             68W /  700W |       1MiB /  81559MiB |      0%      Default |
|                                         |                        |             Disabled |
+-----------------------------------------+------------------------+----------------------+
                                                                                         
+-----------------------------------------------------------------------------------------+
| Processes:                                                                              |
|  GPU   GI   CI        PID   Type   Process name                              GPU Memory |
|        ID   ID                                                               Usage      |
|=========================================================================================|
|  No running processes found                                                             |
+-----------------------------------------------------------------------------------------+

========================================================================
Starting T-JEPA training with linear probe...
========================================================================
2025/11/07 17:33:45 INFO mlflow.tracking.fluent: Experiment with name '/groups/block-aird-team/linear_probe_test' does not exist. Creating a new experiment.
Not SLURM job.
✓ MLflow logging configured for project: linear_probe_test
[Debug] Using parquet dataset from LocalFilesDataset
[Debug] Parquet dataset created: N=300000, D=30
╒═══════════════════════════════╤═══════════════════════════════════════════════════════════════════════════════════════════════════════════════════════╕
│ mock                          │ True                                                                                                                  │
├───────────────────────────────┼───────────────────────────────────────────────────────────────────────────────────────────────────────────────────────┤
│ res_dir                       │ ./                                                                                                                    │
├───────────────────────────────┼───────────────────────────────────────────────────────────────────────────────────────────────────────────────────────┤
│ data_path                     │ data                                                                                                                  │
├───────────────────────────────┼───────────────────────────────────────────────────────────────────────────────────────────────────────────────────────┤
│ data_set                      │ parquet_chargeback                                                                                                    │
├───────────────────────────────┼───────────────────────────────────────────────────────────────────────────────────────────────────────────────────────┤
│ test_size_ratio               │ 0.0                                                                                                                   │
├───────────────────────────────┼───────────────────────────────────────────────────────────────────────────────────────────────────────────────────────┤
│ val_size_ratio                │ 0.0                                                                                                                   │
├───────────────────────────────┼───────────────────────────────────────────────────────────────────────────────────────────────────────────────────────┤
│ random_state                  │ 42                                                                                                                    │
├───────────────────────────────┼───────────────────────────────────────────────────────────────────────────────────────────────────────────────────────┤
│ full_dataset_cuda             │ False                                                                                                                 │
├───────────────────────────────┼───────────────────────────────────────────────────────────────────────────────────────────────────────────────────────┤
│ verbose                       │ False                                                                                                                 │
├───────────────────────────────┼───────────────────────────────────────────────────────────────────────────────────────────────────────────────────────┤
│ use_parquet_dataset           │ True                                                                                                                  │
├───────────────────────────────┼───────────────────────────────────────────────────────────────────────────────────────────────────────────────────────┤
│ parquet_data_dir              │ /projects/risk-tabular/general_chargebacks/202207-202407-all-positives-negative-ratio-1.0-v0/train                    │
├───────────────────────────────┼───────────────────────────────────────────────────────────────────────────────────────────────────────────────────────┤
│ parquet_data_files            │ chunk_10.parquet                                                                                                      │
├───────────────────────────────┼───────────────────────────────────────────────────────────────────────────────────────────────────────────────────────┤
│ parquet_scaling_stats_file    │ /projects/risk-tabular/general_chargebacks/202207-202407-all-positives-negative-ratio-1.0-v0/train/stats_bootstrap.pq │
├───────────────────────────────┼───────────────────────────────────────────────────────────────────────────────────────────────────────────────────────┤
│ parquet_feature_names_file    │ /projects/risk-tabular/general_chargebacks/20240724_feature_selection/xgboost_importances_seed_1_sample_0.5.csv       │
├───────────────────────────────┼───────────────────────────────────────────────────────────────────────────────────────────────────────────────────────┤
│ parquet_num_features          │ 30                                                                                                                    │
├───────────────────────────────┼───────────────────────────────────────────────────────────────────────────────────────────────────────────────────────┤
│ parquet_target_col            │ target                                                                                                                │
├───────────────────────────────┼───────────────────────────────────────────────────────────────────────────────────────────────────────────────────────┤
│ parquet_task_type             │ binary_class                                                                                                          │
├───────────────────────────────┼───────────────────────────────────────────────────────────────────────────────────────────────────────────────────────┤
│ parquet_id_col                │ ID                                                                                                                    │
├───────────────────────────────┼───────────────────────────────────────────────────────────────────────────────────────────────────────────────────────┤
│ parquet_preload_data          │ True                                                                                                                  │
├───────────────────────────────┼───────────────────────────────────────────────────────────────────────────────────────────────────────────────────────┤
│ parquet_shuffle               │ True                                                                                                                  │
├───────────────────────────────┼───────────────────────────────────────────────────────────────────────────────────────────────────────────────────────┤
│ parquet_scaling_method        │ mean_std                                                                                                              │
├───────────────────────────────┼───────────────────────────────────────────────────────────────────────────────────────────────────────────────────────┤
│ parquet_infill_value          │ zero                                                                                                                  │
├───────────────────────────────┼───────────────────────────────────────────────────────────────────────────────────────────────────────────────────────┤
│ parquet_transform             │                                                                                                                       │
├───────────────────────────────┼───────────────────────────────────────────────────────────────────────────────────────────────────────────────────────┤
│ parquet_categorize_nan        │ False                                                                                                                 │
├───────────────────────────────┼───────────────────────────────────────────────────────────────────────────────────────────────────────────────────────┤
│ parquet_clip_min              │                                                                                                                       │
├───────────────────────────────┼───────────────────────────────────────────────────────────────────────────────────────────────────────────────────────┤
│ parquet_clip_max              │                                                                                                                       │
├───────────────────────────────┼───────────────────────────────────────────────────────────────────────────────────────────────────────────────────────┤
│ tag                           │                                                                                                                       │
├───────────────────────────────┼───────────────────────────────────────────────────────────────────────────────────────────────────────────────────────┤
│ project_name                  │ linear_probe_test                                                                                                     │
├───────────────────────────────┼───────────────────────────────────────────────────────────────────────────────────────────────────────────────────────┤
│ test                          │ True                                                                                                                  │
├───────────────────────────────┼───────────────────────────────────────────────────────────────────────────────────────────────────────────────────────┤
│ exp_n_runs                    │ 1                                                                                                                     │
├───────────────────────────────┼───────────────────────────────────────────────────────────────────────────────────────────────────────────────────────┤
│ exp_device                    │                                                                                                                       │
├───────────────────────────────┼───────────────────────────────────────────────────────────────────────────────────────────────────────────────────────┤
│ np_seed                       │ 42                                                                                                                    │
├───────────────────────────────┼───────────────────────────────────────────────────────────────────────────────────────────────────────────────────────┤
│ torch_seed                    │ 42                                                                                                                    │
├───────────────────────────────┼───────────────────────────────────────────────────────────────────────────────────────────────────────────────────────┤
│ random                        │ False                                                                                                                 │
├───────────────────────────────┼───────────────────────────────────────────────────────────────────────────────────────────────────────────────────────┤
│ batch_size                    │ 512                                                                                                                   │
├───────────────────────────────┼───────────────────────────────────────────────────────────────────────────────────────────────────────────────────────┤
│ val_batch_size                │ -1                                                                                                                    │
├───────────────────────────────┼───────────────────────────────────────────────────────────────────────────────────────────────────────────────────────┤
│ exp_train_total_epochs        │ 5                                                                                                                     │
├───────────────────────────────┼───────────────────────────────────────────────────────────────────────────────────────────────────────────────────────┤
│ exp_patience                  │ 10                                                                                                                    │
├───────────────────────────────┼───────────────────────────────────────────────────────────────────────────────────────────────────────────────────────┤
│ log_tensorboard               │ False                                                                                                                 │
├───────────────────────────────┼───────────────────────────────────────────────────────────────────────────────────────────────────────────────────────┤
│ exp_cadence_type              │ improvement                                                                                                           │
├───────────────────────────────┼───────────────────────────────────────────────────────────────────────────────────────────────────────────────────────┤
│ exp_cache_cadence             │ 1                                                                                                                     │
├───────────────────────────────┼───────────────────────────────────────────────────────────────────────────────────────────────────────────────────────┤
│ exp_val_cache_cadence         │ 1                                                                                                                     │
├───────────────────────────────┼───────────────────────────────────────────────────────────────────────────────────────────────────────────────────────┤
│ init_type                     │ kaiming                                                                                                               │
├───────────────────────────────┼───────────────────────────────────────────────────────────────────────────────────────────────────────────────────────┤
│ exp_scheduler                 │ True                                                                                                                  │
├───────────────────────────────┼───────────────────────────────────────────────────────────────────────────────────────────────────────────────────────┤
│ exp_weight_decay_scheduler    │ True                                                                                                                  │
├───────────────────────────────┼───────────────────────────────────────────────────────────────────────────────────────────────────────────────────────┤
│ exp_start_lr                  │ 0.001                                                                                                                 │
├───────────────────────────────┼───────────────────────────────────────────────────────────────────────────────────────────────────────────────────────┤
│ exp_lr                        │ 0.0001                                                                                                                │
├───────────────────────────────┼───────────────────────────────────────────────────────────────────────────────────────────────────────────────────────┤
│ exp_final_lr                  │ 0                                                                                                                     │
├───────────────────────────────┼───────────────────────────────────────────────────────────────────────────────────────────────────────────────────────┤
│ exp_warmup                    │ 0.05                                                                                                                  │
├───────────────────────────────┼───────────────────────────────────────────────────────────────────────────────────────────────────────────────────────┤
│ exp_weight_decay              │ 1e-05                                                                                                                 │
├───────────────────────────────┼───────────────────────────────────────────────────────────────────────────────────────────────────────────────────────┤
│ exp_final_weight_decay        │ 0.01                                                                                                                  │
├───────────────────────────────┼───────────────────────────────────────────────────────────────────────────────────────────────────────────────────────┤
│ exp_ipe_scale                 │ 1.0                                                                                                                   │
├───────────────────────────────┼───────────────────────────────────────────────────────────────────────────────────────────────────────────────────────┤
│ exp_gradient_clipping         │ 1.0                                                                                                                   │
├───────────────────────────────┼───────────────────────────────────────────────────────────────────────────────────────────────────────────────────────┤
│ mp_distributed                │ False                                                                                                                 │
├───────────────────────────────┼───────────────────────────────────────────────────────────────────────────────────────────────────────────────────────┤
│ mp_nodes                      │ 1                                                                                                                     │
├───────────────────────────────┼───────────────────────────────────────────────────────────────────────────────────────────────────────────────────────┤
│ mp_gpus                       │ 1                                                                                                                     │
├───────────────────────────────┼───────────────────────────────────────────────────────────────────────────────────────────────────────────────────────┤
│ mp_nr                         │ 0                                                                                                                     │
├───────────────────────────────┼───────────────────────────────────────────────────────────────────────────────────────────────────────────────────────┤
│ pin_memory                    │ True                                                                                                                  │
├───────────────────────────────┼───────────────────────────────────────────────────────────────────────────────────────────────────────────────────────┤
│ using_embedding               │ False                                                                                                                 │
├───────────────────────────────┼───────────────────────────────────────────────────────────────────────────────────────────────────────────────────────┤
│ model_dtype                   │ float32                                                                                                               │
├───────────────────────────────┼───────────────────────────────────────────────────────────────────────────────────────────────────────────────────────┤
│ data_loader_nprocs            │ 0                                                                                                                     │
├───────────────────────────────┼───────────────────────────────────────────────────────────────────────────────────────────────────────────────────────┤
│ load_from_checkpoint          │ False                                                                                                                 │
├───────────────────────────────┼───────────────────────────────────────────────────────────────────────────────────────────────────────────────────────┤
│ load_path                     │                                                                                                                       │
├───────────────────────────────┼───────────────────────────────────────────────────────────────────────────────────────────────────────────────────────┤
│ model_amp                     │ False                                                                                                                 │
├───────────────────────────────┼───────────────────────────────────────────────────────────────────────────────────────────────────────────────────────┤
│ model_feature_type_embedding  │ True                                                                                                                  │
├───────────────────────────────┼───────────────────────────────────────────────────────────────────────────────────────────────────────────────────────┤
│ model_feature_index_embedding │ True                                                                                                                  │
├───────────────────────────────┼───────────────────────────────────────────────────────────────────────────────────────────────────────────────────────┤
│ model_dropout_prob            │ 0.1                                                                                                                   │
├───────────────────────────────┼───────────────────────────────────────────────────────────────────────────────────────────────────────────────────────┤
│ model_layer_norm_eps          │ 1e-05                                                                                                                 │
├───────────────────────────────┼───────────────────────────────────────────────────────────────────────────────────────────────────────────────────────┤
│ model_dim_hidden              │ 64                                                                                                                    │
├───────────────────────────────┼───────────────────────────────────────────────────────────────────────────────────────────────────────────────────────┤
│ model_dim_feedforward         │ 256                                                                                                                   │
├───────────────────────────────┼───────────────────────────────────────────────────────────────────────────────────────────────────────────────────────┤
│ model_num_heads               │ 4                                                                                                                     │
├───────────────────────────────┼───────────────────────────────────────────────────────────────────────────────────────────────────────────────────────┤
│ model_num_layers              │ 4                                                                                                                     │
├───────────────────────────────┼───────────────────────────────────────────────────────────────────────────────────────────────────────────────────────┤
│ model_ema_end                 │ 1                                                                                                                     │
├───────────────────────────────┼───────────────────────────────────────────────────────────────────────────────────────────────────────────────────────┤
│ model_ema_start               │ 0.996                                                                                                                 │
├───────────────────────────────┼───────────────────────────────────────────────────────────────────────────────────────────────────────────────────────┤
│ model_act_func                │ relu                                                                                                                  │
├───────────────────────────────┼───────────────────────────────────────────────────────────────────────────────────────────────────────────────────────┤
│ probe_cadence                 │ 2                                                                                                                     │
├───────────────────────────────┼───────────────────────────────────────────────────────────────────────────────────────────────────────────────────────┤
│ probe_model                   │ mlp                                                                                                                   │
├───────────────────────────────┼───────────────────────────────────────────────────────────────────────────────────────────────────────────────────────┤
│ n_cls_tokens                  │ 1                                                                                                                     │
├───────────────────────────────┼───────────────────────────────────────────────────────────────────────────────────────────────────────────────────────┤
│ n_reg_tokens                  │ 1                                                                                                                     │
├───────────────────────────────┼───────────────────────────────────────────────────────────────────────────────────────────────────────────────────────┤
│ pred_type                     │ transformer                                                                                                           │
├───────────────────────────────┼───────────────────────────────────────────────────────────────────────────────────────────────────────────────────────┤
│ pred_num_layers               │ 2                                                                                                                     │
├───────────────────────────────┼───────────────────────────────────────────────────────────────────────────────────────────────────────────────────────┤
│ pred_embed_dim                │ 64                                                                                                                    │
├───────────────────────────────┼───────────────────────────────────────────────────────────────────────────────────────────────────────────────────────┤
│ pred_num_heads                │ 4                                                                                                                     │
├───────────────────────────────┼───────────────────────────────────────────────────────────────────────────────────────────────────────────────────────┤
│ pred_p_dropout                │ 0.1                                                                                                                   │
├───────────────────────────────┼───────────────────────────────────────────────────────────────────────────────────────────────────────────────────────┤
│ pred_layer_norm_eps           │ 1e-05                                                                                                                 │
├───────────────────────────────┼───────────────────────────────────────────────────────────────────────────────────────────────────────────────────────┤
│ pred_activation               │ relu                                                                                                                  │
├───────────────────────────────┼───────────────────────────────────────────────────────────────────────────────────────────────────────────────────────┤
│ pred_dim_feedforward          │ 256                                                                                                                   │
├───────────────────────────────┼───────────────────────────────────────────────────────────────────────────────────────────────────────────────────────┤
│ mask_allow_overlap            │ False                                                                                                                 │
├───────────────────────────────┼───────────────────────────────────────────────────────────────────────────────────────────────────────────────────────┤
│ mask_min_ctx_share            │ 0.2                                                                                                                   │
├───────────────────────────────┼───────────────────────────────────────────────────────────────────────────────────────────────────────────────────────┤
│ mask_max_ctx_share            │ 0.4                                                                                                                   │
├───────────────────────────────┼───────────────────────────────────────────────────────────────────────────────────────────────────────────────────────┤
│ mask_min_trgt_share           │ 0.2                                                                                                                   │
├───────────────────────────────┼───────────────────────────────────────────────────────────────────────────────────────────────────────────────────────┤
│ mask_max_trgt_share           │ 0.4                                                                                                                   │
├───────────────────────────────┼───────────────────────────────────────────────────────────────────────────────────────────────────────────────────────┤
│ mask_num_preds                │ 4                                                                                                                     │
├───────────────────────────────┼───────────────────────────────────────────────────────────────────────────────────────────────────────────────────────┤
│ mask_num_encs                 │ 1                                                                                                                     │
├───────────────────────────────┼───────────────────────────────────────────────────────────────────────────────────────────────────────────────────────┤
│ optuna_study_name             │                                                                                                                       │
├───────────────────────────────┼───────────────────────────────────────────────────────────────────────────────────────────────────────────────────────┤
│ optuna_trial_number           │                                                                                                                       │
├───────────────────────────────┼───────────────────────────────────────────────────────────────────────────────────────────────────────────────────────┤
│ optuna_output_dir             │                                                                                                                       │
├───────────────────────────────┼───────────────────────────────────────────────────────────────────────────────────────────────────────────────────────┤
│ is_batchlearning              │ True                                                                                                                  │
├───────────────────────────────┼───────────────────────────────────────────────────────────────────────────────────────────────────────────────────────┤
│ iteration                     │ 0                                                                                                                     │
╘═══════════════════════════════╧═══════════════════════════════════════════════════════════════════════════════════════════════════════════════════════╛
[Debug] Loading dataset …
[Debug] Parquet dataset ready (preprocessing handled by LocalFilesDataset)
/home/aminmohamadi_squareup_com/projects/t-jepa-parquet-scaling/src/tjepa_transformer.py:172: UserWarning: enable_nested_tensor is True, but self.use_nested_tensor is False because encoder_layer was not TransformerEncoderLayer
  warnings.warn(
/home/aminmohamadi_squareup_com/projects/t-jepa-parquet-scaling/run.py:232: FutureWarning: `torch.cuda.amp.GradScaler(args...)` is deprecated. Please use `torch.amp.GradScaler('cuda', args...)` instead.
  scaler = GradScaler(enabled=args.model_amp)
Encoder Module parameters:
+-------------------+----------------------------------------------------------------------------------------------------------------+
|     Parameter     |                                                     Value                                                      |
+-------------------+----------------------------------------------------------------------------------------------------------------+
|    hidden_dim     |                                                       64                                                       |
| idx_num_features  | [0, 1, 2, 3, 4, 5, 6, 7, 8, 9, 10, 11, 12, 13, 14, 15, 16, 17, 18, 19, 20, 21, 22, 23, 24, 25, 26, 27, 28, 29] |
| idx_cat_features  |                                                       []                                                       |
|   cardinalities   |                                                       []                                                       |
| n_input_features  |                                                       30                                                       |
|      device       |                                                     cuda:0                                                     |
|    num_layers     |                                                       4                                                        |
|     num_heads     |                                                       4                                                        |
|     p_dropout     |                                                      0.1                                                       |
|  layer_norm_eps   |                                                     1e-05                                                      |
| gradient_clipping |                                                      1.0                                                       |
|  dim_feedforward  |                                                      256                                                       |
+-------------------+----------------------------------------------------------------------------------------------------------------+
Using feature index embedding (unique embedding for each column).
Clipping gradients to value 1.0.
Predictors Module parameters:
+-----------------+--------+
|    Parameter    | Value  |
+-----------------+--------+
|   hidden_dim    |   64   |
|  num_features   |   30   |
|   num_layers    |   2    |
|    num_heads    |   4    |
|    p_dropout    |  0.1   |
| layer_norm_eps  | 1e-05  |
|   activation    |  relu  |
| pred_embed_dim  |   64   |
|     device      | cuda:0 |
|  cardinalities  |   []   |
| dim_feedforward |  256   |
+-----------------+--------+
MaskCollator params:
-----------------  -----
Allow overlap      False
Min context share  0.2
Max context share  0.4
Min target share   0.2
Max target share   0.4
Min context        6
Max context        12
Min target         6
Max target         12
Num preds          4
Num encs           1
Num features       30
Cardinalities      []
-----------------  -----
[Debug] Building DataLoader …
[Debug] Parquet DataLoader created (pre-batched, batch_size=512)
[Debug] DataLoader built
[Debug] ipe (iterations per epoch) = 585
[Debug] Instantiating Trainer
[Debug] is_main_process=True
[Debug] Trainer instantiated
Starting training…
2025/11/07 17:33:49 INFO mlflow.system_metrics.system_metrics_monitor: Skip logging GPU metrics. Set logger level to DEBUG for more details.
2025/11/07 17:33:49 INFO mlflow.system_metrics.system_metrics_monitor: Started monitoring system metrics.
Running probe at epoch 0
Generating embedding using: Encoder
  0%|          | 0/3 [00:00<?, ?it/s]/home/aminmohamadi_squareup_com/projects/t-jepa-parquet-scaling/src/encoder.py:273: UserWarning: The use of `x.T` on tensors of dimension other than 2 to reverse their shape is deprecated and it will throw an error in a future release. Consider `x.mT` to transpose batches of matrices or `x.permute(*torch.arange(x.ndim - 1, -1, -1))` to reverse the dimensions of a tensor. (Triggered internally at /pytorch/aten/src/ATen/native/TensorShape.cpp:4416.)
  _debug_values(x[0].T, title="Before linear embedding")
 33%|███▎      | 1/3 [00:00<00:00,  2.14it/s]100%|██████████| 3/3 [00:00<00:00,  6.27it/s]
2025/11/07 17:33:52 INFO mlflow.system_metrics.system_metrics_monitor: Stopping system metrics monitoring...
2025/11/07 17:33:52 INFO mlflow.system_metrics.system_metrics_monitor: Successfully terminated system metrics monitoring!
🏃 View run parquet_chargeback__model_nlyrs_4_nheads_4_hdim_64__pred_ovrlap_F_npreds_4__nlyrs_2_activ_relunenc_1__lr_0.0001_start_0.001_final_0_20251107_173348 at: https://block-lakehouse-production.cloud.databricks.com/ml/experiments/3770822289003867/runs/3d87744ba87b43328f35f45e74ba7d42
🧪 View experiment at: https://block-lakehouse-production.cloud.databricks.com/ml/experiments/3770822289003867
Traceback (most recent call last):
  File "/home/aminmohamadi_squareup_com/projects/t-jepa-parquet-scaling/run.py", line 449, in <module>
    main(args)
  File "/home/aminmohamadi_squareup_com/projects/t-jepa-parquet-scaling/run.py", line 396, in main
    trainer.train()
  File "/home/aminmohamadi_squareup_com/projects/t-jepa-parquet-scaling/src/train.py", line 321, in train
    open(
FileNotFoundError: [Errno 2] No such file or directory: 'src/benchmark/model_configs/parquet_chargeback/mlp.json'

========================================================================
Training completed with exit code: 1
========================================================================
✗ FAILED: Training exited with error code 1
