========================================================================
Linear Probe Multi-Epoch Test (10 epochs, probe at 0, 5, 10)
========================================================================
Job ID: 14092
Node: smallslurm-a31sp-5
Date: Fri Nov  7 17:48:18 UTC 2025
========================================================================
Hermit environment /home/aminmohamadi_squareup_com/projects activated
Fri Nov  7 17:48:18 2025       
+-----------------------------------------------------------------------------------------+
| NVIDIA-SMI 550.90.12              Driver Version: 550.90.12      CUDA Version: 12.4     |
|-----------------------------------------+------------------------+----------------------+
| GPU  Name                 Persistence-M | Bus-Id          Disp.A | Volatile Uncorr. ECC |
| Fan  Temp   Perf          Pwr:Usage/Cap |           Memory-Usage | GPU-Util  Compute M. |
|                                         |                        |               MIG M. |
|=========================================+========================+======================|
|   0  NVIDIA H100 80GB HBM3          On  |   00000000:04:00.0 Off |                    0 |
| N/A   33C    P0             68W /  700W |       1MiB /  81559MiB |      0%      Default |
|                                         |                        |             Disabled |
+-----------------------------------------+------------------------+----------------------+
                                                                                         
+-----------------------------------------------------------------------------------------+
| Processes:                                                                              |
|  GPU   GI   CI        PID   Type   Process name                              GPU Memory |
|        ID   ID                                                               Usage      |
|=========================================================================================|
|  No running processes found                                                             |
+-----------------------------------------------------------------------------------------+

========================================================================
Starting T-JEPA training with linear probe at epochs 0, 5, 10...
========================================================================
2025/11/07 17:48:36 INFO mlflow.tracking.fluent: Experiment with name '/groups/block-aird-team/linear_probe_multi_epoch_test' does not exist. Creating a new experiment.
Not SLURM job.
✓ MLflow logging configured for project: linear_probe_multi_epoch_test
[Debug] Using parquet dataset from LocalFilesDataset
[Debug] Parquet dataset created: N=300000, D=30
╒═══════════════════════════════╤═══════════════════════════════════════════════════════════════════════════════════════════════════════════════════════╕
│ mock                          │ True                                                                                                                  │
├───────────────────────────────┼───────────────────────────────────────────────────────────────────────────────────────────────────────────────────────┤
│ res_dir                       │ ./                                                                                                                    │
├───────────────────────────────┼───────────────────────────────────────────────────────────────────────────────────────────────────────────────────────┤
│ data_path                     │ data                                                                                                                  │
├───────────────────────────────┼───────────────────────────────────────────────────────────────────────────────────────────────────────────────────────┤
│ data_set                      │ parquet_dataset                                                                                                       │
├───────────────────────────────┼───────────────────────────────────────────────────────────────────────────────────────────────────────────────────────┤
│ test_size_ratio               │ 0.0                                                                                                                   │
├───────────────────────────────┼───────────────────────────────────────────────────────────────────────────────────────────────────────────────────────┤
│ val_size_ratio                │ 0.0                                                                                                                   │
├───────────────────────────────┼───────────────────────────────────────────────────────────────────────────────────────────────────────────────────────┤
│ random_state                  │ 42                                                                                                                    │
├───────────────────────────────┼───────────────────────────────────────────────────────────────────────────────────────────────────────────────────────┤
│ full_dataset_cuda             │ False                                                                                                                 │
├───────────────────────────────┼───────────────────────────────────────────────────────────────────────────────────────────────────────────────────────┤
│ verbose                       │ False                                                                                                                 │
├───────────────────────────────┼───────────────────────────────────────────────────────────────────────────────────────────────────────────────────────┤
│ use_parquet_dataset           │ True                                                                                                                  │
├───────────────────────────────┼───────────────────────────────────────────────────────────────────────────────────────────────────────────────────────┤
│ parquet_data_dir              │ /projects/risk-tabular/general_chargebacks/202207-202407-all-positives-negative-ratio-1.0-v0/train                    │
├───────────────────────────────┼───────────────────────────────────────────────────────────────────────────────────────────────────────────────────────┤
│ parquet_data_files            │ chunk_10.parquet                                                                                                      │
├───────────────────────────────┼───────────────────────────────────────────────────────────────────────────────────────────────────────────────────────┤
│ parquet_scaling_stats_file    │ /projects/risk-tabular/general_chargebacks/202207-202407-all-positives-negative-ratio-1.0-v0/train/stats_bootstrap.pq │
├───────────────────────────────┼───────────────────────────────────────────────────────────────────────────────────────────────────────────────────────┤
│ parquet_feature_names_file    │ /projects/risk-tabular/general_chargebacks/20240724_feature_selection/xgboost_importances_seed_1_sample_0.5.csv       │
├───────────────────────────────┼───────────────────────────────────────────────────────────────────────────────────────────────────────────────────────┤
│ parquet_num_features          │ 30                                                                                                                    │
├───────────────────────────────┼───────────────────────────────────────────────────────────────────────────────────────────────────────────────────────┤
│ parquet_target_col            │ target                                                                                                                │
├───────────────────────────────┼───────────────────────────────────────────────────────────────────────────────────────────────────────────────────────┤
│ parquet_task_type             │ binary_class                                                                                                          │
├───────────────────────────────┼───────────────────────────────────────────────────────────────────────────────────────────────────────────────────────┤
│ parquet_id_col                │ ID                                                                                                                    │
├───────────────────────────────┼───────────────────────────────────────────────────────────────────────────────────────────────────────────────────────┤
│ parquet_preload_data          │ True                                                                                                                  │
├───────────────────────────────┼───────────────────────────────────────────────────────────────────────────────────────────────────────────────────────┤
│ parquet_shuffle               │ True                                                                                                                  │
├───────────────────────────────┼───────────────────────────────────────────────────────────────────────────────────────────────────────────────────────┤
│ parquet_scaling_method        │ mean_std                                                                                                              │
├───────────────────────────────┼───────────────────────────────────────────────────────────────────────────────────────────────────────────────────────┤
│ parquet_infill_value          │ zero                                                                                                                  │
├───────────────────────────────┼───────────────────────────────────────────────────────────────────────────────────────────────────────────────────────┤
│ parquet_transform             │                                                                                                                       │
├───────────────────────────────┼───────────────────────────────────────────────────────────────────────────────────────────────────────────────────────┤
│ parquet_categorize_nan        │ False                                                                                                                 │
├───────────────────────────────┼───────────────────────────────────────────────────────────────────────────────────────────────────────────────────────┤
│ parquet_clip_min              │                                                                                                                       │
├───────────────────────────────┼───────────────────────────────────────────────────────────────────────────────────────────────────────────────────────┤
│ parquet_clip_max              │                                                                                                                       │
├───────────────────────────────┼───────────────────────────────────────────────────────────────────────────────────────────────────────────────────────┤
│ tag                           │                                                                                                                       │
├───────────────────────────────┼───────────────────────────────────────────────────────────────────────────────────────────────────────────────────────┤
│ project_name                  │ linear_probe_multi_epoch_test                                                                                         │
├───────────────────────────────┼───────────────────────────────────────────────────────────────────────────────────────────────────────────────────────┤
│ test                          │ True                                                                                                                  │
├───────────────────────────────┼───────────────────────────────────────────────────────────────────────────────────────────────────────────────────────┤
│ exp_n_runs                    │ 1                                                                                                                     │
├───────────────────────────────┼───────────────────────────────────────────────────────────────────────────────────────────────────────────────────────┤
│ exp_device                    │                                                                                                                       │
├───────────────────────────────┼───────────────────────────────────────────────────────────────────────────────────────────────────────────────────────┤
│ np_seed                       │ 42                                                                                                                    │
├───────────────────────────────┼───────────────────────────────────────────────────────────────────────────────────────────────────────────────────────┤
│ torch_seed                    │ 42                                                                                                                    │
├───────────────────────────────┼───────────────────────────────────────────────────────────────────────────────────────────────────────────────────────┤
│ random                        │ False                                                                                                                 │
├───────────────────────────────┼───────────────────────────────────────────────────────────────────────────────────────────────────────────────────────┤
│ batch_size                    │ 512                                                                                                                   │
├───────────────────────────────┼───────────────────────────────────────────────────────────────────────────────────────────────────────────────────────┤
│ val_batch_size                │ -1                                                                                                                    │
├───────────────────────────────┼───────────────────────────────────────────────────────────────────────────────────────────────────────────────────────┤
│ exp_train_total_epochs        │ 10                                                                                                                    │
├───────────────────────────────┼───────────────────────────────────────────────────────────────────────────────────────────────────────────────────────┤
│ exp_patience                  │ 10                                                                                                                    │
├───────────────────────────────┼───────────────────────────────────────────────────────────────────────────────────────────────────────────────────────┤
│ log_tensorboard               │ False                                                                                                                 │
├───────────────────────────────┼───────────────────────────────────────────────────────────────────────────────────────────────────────────────────────┤
│ exp_cadence_type              │ improvement                                                                                                           │
├───────────────────────────────┼───────────────────────────────────────────────────────────────────────────────────────────────────────────────────────┤
│ exp_cache_cadence             │ 1                                                                                                                     │
├───────────────────────────────┼───────────────────────────────────────────────────────────────────────────────────────────────────────────────────────┤
│ exp_val_cache_cadence         │ 1                                                                                                                     │
├───────────────────────────────┼───────────────────────────────────────────────────────────────────────────────────────────────────────────────────────┤
│ init_type                     │ kaiming                                                                                                               │
├───────────────────────────────┼───────────────────────────────────────────────────────────────────────────────────────────────────────────────────────┤
│ exp_scheduler                 │ True                                                                                                                  │
├───────────────────────────────┼───────────────────────────────────────────────────────────────────────────────────────────────────────────────────────┤
│ exp_weight_decay_scheduler    │ True                                                                                                                  │
├───────────────────────────────┼───────────────────────────────────────────────────────────────────────────────────────────────────────────────────────┤
│ exp_start_lr                  │ 0.001                                                                                                                 │
├───────────────────────────────┼───────────────────────────────────────────────────────────────────────────────────────────────────────────────────────┤
│ exp_lr                        │ 0.0001                                                                                                                │
├───────────────────────────────┼───────────────────────────────────────────────────────────────────────────────────────────────────────────────────────┤
│ exp_final_lr                  │ 0                                                                                                                     │
├───────────────────────────────┼───────────────────────────────────────────────────────────────────────────────────────────────────────────────────────┤
│ exp_warmup                    │ 0.05                                                                                                                  │
├───────────────────────────────┼───────────────────────────────────────────────────────────────────────────────────────────────────────────────────────┤
│ exp_weight_decay              │ 1e-05                                                                                                                 │
├───────────────────────────────┼───────────────────────────────────────────────────────────────────────────────────────────────────────────────────────┤
│ exp_final_weight_decay        │ 0.01                                                                                                                  │
├───────────────────────────────┼───────────────────────────────────────────────────────────────────────────────────────────────────────────────────────┤
│ exp_ipe_scale                 │ 1.0                                                                                                                   │
├───────────────────────────────┼───────────────────────────────────────────────────────────────────────────────────────────────────────────────────────┤
│ exp_gradient_clipping         │ 1.0                                                                                                                   │
├───────────────────────────────┼───────────────────────────────────────────────────────────────────────────────────────────────────────────────────────┤
│ mp_distributed                │ False                                                                                                                 │
├───────────────────────────────┼───────────────────────────────────────────────────────────────────────────────────────────────────────────────────────┤
│ mp_nodes                      │ 1                                                                                                                     │
├───────────────────────────────┼───────────────────────────────────────────────────────────────────────────────────────────────────────────────────────┤
│ mp_gpus                       │ 1                                                                                                                     │
├───────────────────────────────┼───────────────────────────────────────────────────────────────────────────────────────────────────────────────────────┤
│ mp_nr                         │ 0                                                                                                                     │
├───────────────────────────────┼───────────────────────────────────────────────────────────────────────────────────────────────────────────────────────┤
│ pin_memory                    │ True                                                                                                                  │
├───────────────────────────────┼───────────────────────────────────────────────────────────────────────────────────────────────────────────────────────┤
│ using_embedding               │ False                                                                                                                 │
├───────────────────────────────┼───────────────────────────────────────────────────────────────────────────────────────────────────────────────────────┤
│ model_dtype                   │ float32                                                                                                               │
├───────────────────────────────┼───────────────────────────────────────────────────────────────────────────────────────────────────────────────────────┤
│ data_loader_nprocs            │ 0                                                                                                                     │
├───────────────────────────────┼───────────────────────────────────────────────────────────────────────────────────────────────────────────────────────┤
│ load_from_checkpoint          │ False                                                                                                                 │
├───────────────────────────────┼───────────────────────────────────────────────────────────────────────────────────────────────────────────────────────┤
│ load_path                     │                                                                                                                       │
├───────────────────────────────┼───────────────────────────────────────────────────────────────────────────────────────────────────────────────────────┤
│ model_amp                     │ False                                                                                                                 │
├───────────────────────────────┼───────────────────────────────────────────────────────────────────────────────────────────────────────────────────────┤
│ model_feature_type_embedding  │ True                                                                                                                  │
├───────────────────────────────┼───────────────────────────────────────────────────────────────────────────────────────────────────────────────────────┤
│ model_feature_index_embedding │ True                                                                                                                  │
├───────────────────────────────┼───────────────────────────────────────────────────────────────────────────────────────────────────────────────────────┤
│ model_dropout_prob            │ 0.1                                                                                                                   │
├───────────────────────────────┼───────────────────────────────────────────────────────────────────────────────────────────────────────────────────────┤
│ model_layer_norm_eps          │ 1e-05                                                                                                                 │
├───────────────────────────────┼───────────────────────────────────────────────────────────────────────────────────────────────────────────────────────┤
│ model_dim_hidden              │ 64                                                                                                                    │
├───────────────────────────────┼───────────────────────────────────────────────────────────────────────────────────────────────────────────────────────┤
│ model_dim_feedforward         │ 256                                                                                                                   │
├───────────────────────────────┼───────────────────────────────────────────────────────────────────────────────────────────────────────────────────────┤
│ model_num_heads               │ 4                                                                                                                     │
├───────────────────────────────┼───────────────────────────────────────────────────────────────────────────────────────────────────────────────────────┤
│ model_num_layers              │ 4                                                                                                                     │
├───────────────────────────────┼───────────────────────────────────────────────────────────────────────────────────────────────────────────────────────┤
│ model_ema_end                 │ 1                                                                                                                     │
├───────────────────────────────┼───────────────────────────────────────────────────────────────────────────────────────────────────────────────────────┤
│ model_ema_start               │ 0.996                                                                                                                 │
├───────────────────────────────┼───────────────────────────────────────────────────────────────────────────────────────────────────────────────────────┤
│ model_act_func                │ relu                                                                                                                  │
├───────────────────────────────┼───────────────────────────────────────────────────────────────────────────────────────────────────────────────────────┤
│ probe_cadence                 │ 5                                                                                                                     │
├───────────────────────────────┼───────────────────────────────────────────────────────────────────────────────────────────────────────────────────────┤
│ probe_model                   │ mlp                                                                                                                   │
├───────────────────────────────┼───────────────────────────────────────────────────────────────────────────────────────────────────────────────────────┤
│ n_cls_tokens                  │ 1                                                                                                                     │
├───────────────────────────────┼───────────────────────────────────────────────────────────────────────────────────────────────────────────────────────┤
│ n_reg_tokens                  │ 1                                                                                                                     │
├───────────────────────────────┼───────────────────────────────────────────────────────────────────────────────────────────────────────────────────────┤
│ pred_type                     │ transformer                                                                                                           │
├───────────────────────────────┼───────────────────────────────────────────────────────────────────────────────────────────────────────────────────────┤
│ pred_num_layers               │ 2                                                                                                                     │
├───────────────────────────────┼───────────────────────────────────────────────────────────────────────────────────────────────────────────────────────┤
│ pred_embed_dim                │ 64                                                                                                                    │
├───────────────────────────────┼───────────────────────────────────────────────────────────────────────────────────────────────────────────────────────┤
│ pred_num_heads                │ 4                                                                                                                     │
├───────────────────────────────┼───────────────────────────────────────────────────────────────────────────────────────────────────────────────────────┤
│ pred_p_dropout                │ 0.1                                                                                                                   │
├───────────────────────────────┼───────────────────────────────────────────────────────────────────────────────────────────────────────────────────────┤
│ pred_layer_norm_eps           │ 1e-05                                                                                                                 │
├───────────────────────────────┼───────────────────────────────────────────────────────────────────────────────────────────────────────────────────────┤
│ pred_activation               │ relu                                                                                                                  │
├───────────────────────────────┼───────────────────────────────────────────────────────────────────────────────────────────────────────────────────────┤
│ pred_dim_feedforward          │ 256                                                                                                                   │
├───────────────────────────────┼───────────────────────────────────────────────────────────────────────────────────────────────────────────────────────┤
│ mask_allow_overlap            │ False                                                                                                                 │
├───────────────────────────────┼───────────────────────────────────────────────────────────────────────────────────────────────────────────────────────┤
│ mask_min_ctx_share            │ 0.2                                                                                                                   │
├───────────────────────────────┼───────────────────────────────────────────────────────────────────────────────────────────────────────────────────────┤
│ mask_max_ctx_share            │ 0.4                                                                                                                   │
├───────────────────────────────┼───────────────────────────────────────────────────────────────────────────────────────────────────────────────────────┤
│ mask_min_trgt_share           │ 0.2                                                                                                                   │
├───────────────────────────────┼───────────────────────────────────────────────────────────────────────────────────────────────────────────────────────┤
│ mask_max_trgt_share           │ 0.4                                                                                                                   │
├───────────────────────────────┼───────────────────────────────────────────────────────────────────────────────────────────────────────────────────────┤
│ mask_num_preds                │ 4                                                                                                                     │
├───────────────────────────────┼───────────────────────────────────────────────────────────────────────────────────────────────────────────────────────┤
│ mask_num_encs                 │ 1                                                                                                                     │
├───────────────────────────────┼───────────────────────────────────────────────────────────────────────────────────────────────────────────────────────┤
│ optuna_study_name             │                                                                                                                       │
├───────────────────────────────┼───────────────────────────────────────────────────────────────────────────────────────────────────────────────────────┤
│ optuna_trial_number           │                                                                                                                       │
├───────────────────────────────┼───────────────────────────────────────────────────────────────────────────────────────────────────────────────────────┤
│ optuna_output_dir             │                                                                                                                       │
├───────────────────────────────┼───────────────────────────────────────────────────────────────────────────────────────────────────────────────────────┤
│ is_batchlearning              │ True                                                                                                                  │
├───────────────────────────────┼───────────────────────────────────────────────────────────────────────────────────────────────────────────────────────┤
│ iteration                     │ 0                                                                                                                     │
╘═══════════════════════════════╧═══════════════════════════════════════════════════════════════════════════════════════════════════════════════════════╛
[Debug] Loading dataset …
[Debug] Parquet dataset ready (preprocessing handled by LocalFilesDataset)
/home/aminmohamadi_squareup_com/projects/t-jepa-parquet-scaling/src/tjepa_transformer.py:172: UserWarning: enable_nested_tensor is True, but self.use_nested_tensor is False because encoder_layer was not TransformerEncoderLayer
  warnings.warn(
/home/aminmohamadi_squareup_com/projects/t-jepa-parquet-scaling/run.py:232: FutureWarning: `torch.cuda.amp.GradScaler(args...)` is deprecated. Please use `torch.amp.GradScaler('cuda', args...)` instead.
  scaler = GradScaler(enabled=args.model_amp)
Encoder Module parameters:
+-------------------+----------------------------------------------------------------------------------------------------------------+
|     Parameter     |                                                     Value                                                      |
+-------------------+----------------------------------------------------------------------------------------------------------------+
|    hidden_dim     |                                                       64                                                       |
| idx_num_features  | [0, 1, 2, 3, 4, 5, 6, 7, 8, 9, 10, 11, 12, 13, 14, 15, 16, 17, 18, 19, 20, 21, 22, 23, 24, 25, 26, 27, 28, 29] |
| idx_cat_features  |                                                       []                                                       |
|   cardinalities   |                                                       []                                                       |
| n_input_features  |                                                       30                                                       |
|      device       |                                                     cuda:0                                                     |
|    num_layers     |                                                       4                                                        |
|     num_heads     |                                                       4                                                        |
|     p_dropout     |                                                      0.1                                                       |
|  layer_norm_eps   |                                                     1e-05                                                      |
| gradient_clipping |                                                      1.0                                                       |
|  dim_feedforward  |                                                      256                                                       |
+-------------------+----------------------------------------------------------------------------------------------------------------+
Using feature index embedding (unique embedding for each column).
Clipping gradients to value 1.0.
Predictors Module parameters:
+-----------------+--------+
|    Parameter    | Value  |
+-----------------+--------+
|   hidden_dim    |   64   |
|  num_features   |   30   |
|   num_layers    |   2    |
|    num_heads    |   4    |
|    p_dropout    |  0.1   |
| layer_norm_eps  | 1e-05  |
|   activation    |  relu  |
| pred_embed_dim  |   64   |
|     device      | cuda:0 |
|  cardinalities  |   []   |
| dim_feedforward |  256   |
+-----------------+--------+
MaskCollator params:
-----------------  -----
Allow overlap      False
Min context share  0.2
Max context share  0.4
Min target share   0.2
Max target share   0.4
Min context        6
Max context        12
Min target         6
Max target         12
Num preds          4
Num encs           1
Num features       30
Cardinalities      []
-----------------  -----
[Debug] Building DataLoader …
[Debug] Parquet DataLoader created (pre-batched, batch_size=512)
[Debug] DataLoader built
[Debug] ipe (iterations per epoch) = 585
[Debug] Instantiating Trainer
[Debug] is_main_process=True
[Debug] Trainer instantiated
Starting training…
2025/11/07 17:48:38 INFO mlflow.system_metrics.system_metrics_monitor: Skip logging GPU metrics. Set logger level to DEBUG for more details.
2025/11/07 17:48:38 INFO mlflow.system_metrics.system_metrics_monitor: Started monitoring system metrics.
Running probe at epoch 0
Generating embedding using: Encoder
  0%|          | 0/3 [00:00<?, ?it/s]/home/aminmohamadi_squareup_com/projects/t-jepa-parquet-scaling/src/encoder.py:273: UserWarning: The use of `x.T` on tensors of dimension other than 2 to reverse their shape is deprecated and it will throw an error in a future release. Consider `x.mT` to transpose batches of matrices or `x.permute(*torch.arange(x.ndim - 1, -1, -1))` to reverse the dimensions of a tensor. (Triggered internally at /pytorch/aten/src/ATen/native/TensorShape.cpp:4416.)
  _debug_values(x[0].T, title="Before linear embedding")
 33%|███▎      | 1/3 [00:00<00:00,  7.25it/s]100%|██████████| 3/3 [00:00<00:00, 19.99it/s]
/home/aminmohamadi_squareup_com/projects/.hermit/python/lib/python3.11/site-packages/lightning_fabric/plugins/environments/slurm.py:204: The `srun` command is available on your system but is not used. HINT: If your intention is to run Lightning on SLURM, prepend your python command with `srun` like so: srun python run.py --use_parquet_dataset=True --data_set=parquet ...
GPU available: True (cuda), used: True
TPU available: False, using: 0 TPU cores
HPU available: False, using: 0 HPUs
/home/aminmohamadi_squareup_com/projects/.hermit/python/lib/python3.11/site-packages/torch/__init__.py:1551: UserWarning: Please use the new API settings to control TF32 behavior, such as torch.backends.cudnn.conv.fp32_precision = 'tf32' or torch.backends.cuda.matmul.fp32_precision = 'ieee'. Old settings, e.g, torch.backends.cuda.matmul.allow_tf32 = True, torch.backends.cudnn.allow_tf32 = True, allowTF32CuDNN() and allowTF32CuBLAS() will be deprecated after Pytorch 2.9. Please see https://pytorch.org/docs/main/notes/cuda.html#tensorfloat-32-tf32-on-ampere-and-later-devices (Triggered internally at /pytorch/aten/src/ATen/Context.cpp:80.)
  return _C._get_float32_matmul_precision()
You are using a CUDA device ('NVIDIA H100 80GB HBM3') that has Tensor Cores. To properly utilize them, you should set `torch.set_float32_matmul_precision('medium' | 'high')` which will trade-off precision for performance. For more details, read https://pytorch.org/docs/stable/generated/torch.set_float32_matmul_precision.html#torch.set_float32_matmul_precision
Initializing distributed: GLOBAL_RANK: 0, MEMBER: 1/1
----------------------------------------------------------------------------------------------------
distributed_backend=nccl
All distributed processes registered. Starting with 1 processes
----------------------------------------------------------------------------------------------------

/home/aminmohamadi_squareup_com/projects/.hermit/python/lib/python3.11/site-packages/pytorch_lightning/callbacks/model_checkpoint.py:751: Checkpoint directory /home/aminmohamadi_squareup_com/projects/t-jepa-parquet-scaling/checkpoints exists and is not empty.
LOCAL_RANK: 0 - CUDA_VISIBLE_DEVICES: [0]

  | Name    | Type              | Params | Mode 
------------------------------------------------------
0 | loss    | BCEWithLogitsLoss | 0      | train
1 | head    | Linear            | 257    | train
2 | encoder | Sequential        | 268 K  | train
------------------------------------------------------
268 K     Trainable params
0         Non-trainable params
268 K     Total params
1.076     Total estimated model params size (MB)
21        Modules in train mode
0         Modules in eval mode
Loading mlp
╒══════════════════════╤═════════════════╕
│ dataset_name         │ parquet_dataset │
├──────────────────────┼─────────────────┤
│ encoder_type         │ linear_flatten  │
├──────────────────────┼─────────────────┤
│ exp_lr               │ 0.001           │
├──────────────────────┼─────────────────┤
│ exp_weight_decay     │ 2e-05           │
├──────────────────────┼─────────────────┤
│ input_dim            │ 31              │
├──────────────────────┼─────────────────┤
│ input_embed_dim      │ 64              │
├──────────────────────┼─────────────────┤
│ iterations_per_epoch │ 8               │
├──────────────────────┼─────────────────┤
│ num_epochs           │ 1               │
├──────────────────────┼─────────────────┤
│ out_dim              │ 1               │
├──────────────────────┼─────────────────┤
│ summary_input        │ (128, 31, 64)   │
╘══════════════════════╧═════════════════╛
Model Parameters
╒════════════════════════════════════════════════════╤═════════════════╕
│ Param                                              │ Value           │
╞════════════════════════════════════════════════════╪═════════════════╡
│ emb_dim                                            │ 31              │
├────────────────────────────────────────────────────┼─────────────────┤
│ n_hidden                                           │ 4               │
├────────────────────────────────────────────────────┼─────────────────┤
│ hidden_dim                                         │ 256             │
├────────────────────────────────────────────────────┼─────────────────┤
│ dropout                                            │ 0.1             │
├────────────────────────────────────────────────────┼─────────────────┤
│ out_dim                                            │ 1               │
├────────────────────────────────────────────────────┼─────────────────┤
│ using_embedding                                    │ True            │
├────────────────────────────────────────────────────┼─────────────────┤
│ encoder_type                                       │ linear_flatten  │
├────────────────────────────────────────────────────┼─────────────────┤
│ input_embed_dim                                    │ 64              │
├────────────────────────────────────────────────────┼─────────────────┤
│ training                                           │ True            │
├────────────────────────────────────────────────────┼─────────────────┤
│ prepare_data_per_node                              │ True            │
├────────────────────────────────────────────────────┼─────────────────┤
│ allow_zero_length_dataloader_with_multiple_devices │ False           │
├────────────────────────────────────────────────────┼─────────────────┤
│ _log_hyperparams                                   │ False           │
├────────────────────────────────────────────────────┼─────────────────┤
│ _automatic_optimization                            │ True            │
├────────────────────────────────────────────────────┼─────────────────┤
│ _fabric_optimizers                                 │ []              │
├────────────────────────────────────────────────────┼─────────────────┤
│ lr                                                 │ 0.001           │
├────────────────────────────────────────────────────┼─────────────────┤
│ weight_decay                                       │ 2e-05           │
├────────────────────────────────────────────────────┼─────────────────┤
│ T_max                                              │ 8               │
├────────────────────────────────────────────────────┼─────────────────┤
│ eta_min                                            │ 0.0             │
├────────────────────────────────────────────────────┼─────────────────┤
│ dataset_name                                       │ parquet_dataset │
├────────────────────────────────────────────────────┼─────────────────┤
│ task_type                                          │ binary_class    │
╘════════════════════════════════════════════════════╧═════════════════╛
==========================================================================================
Layer (type:depth-idx)                   Output Shape              Param #
==========================================================================================
MLP                                      [128, 1]                  --
├─Sequential: 1-1                        [128, 256]                --
│    └─EncodeEmbeddingFeatures: 2-1      [128, 31]                 --
│    │    └─Linear: 3-1                  [128, 31]                 61,535
│    └─Linear: 2-2                       [128, 256]                8,192
│    └─Sequential: 2-3                   [128, 256]                --
│    │    └─Linear: 3-2                  [128, 256]                65,792
│    │    └─ReLU: 3-3                    [128, 256]                --
│    │    └─Dropout: 3-4                 [128, 256]                --
│    │    └─BatchNorm1d: 3-5             [128, 256]                512
│    └─Sequential: 2-4                   [128, 256]                --
│    │    └─Linear: 3-6                  [128, 256]                65,792
│    │    └─ReLU: 3-7                    [128, 256]                --
│    │    └─Dropout: 3-8                 [128, 256]                --
│    │    └─BatchNorm1d: 3-9             [128, 256]                512
│    └─Sequential: 2-5                   [128, 256]                --
│    │    └─Linear: 3-10                 [128, 256]                65,792
│    │    └─ReLU: 3-11                   [128, 256]                --
│    │    └─Dropout: 3-12                [128, 256]                --
│    │    └─BatchNorm1d: 3-13            [128, 256]                512
├─Linear: 1-2                            [128, 1]                  257
==========================================================================================
Total params: 268,896
Trainable params: 268,896
Non-trainable params: 0
Total mult-adds (Units.MEGABYTES): 34.42
==========================================================================================
Input size (MB): 1.02
Forward/backward pass size (MB): 1.87
Params size (MB): 1.08
Estimated Total Size (MB): 3.96
==========================================================================================
Sanity Checking: |          | 0/? [00:00<?, ?it/s]/home/aminmohamadi_squareup_com/projects/.hermit/python/lib/python3.11/site-packages/pytorch_lightning/trainer/connectors/data_connector.py:433: The 'val_dataloader' does not have many workers which may be a bottleneck. Consider increasing the value of the `num_workers` argument` to `num_workers=15` in the `DataLoader` to improve performance.
Sanity Checking: |          | 0/? [00:00<?, ?it/s]Sanity Checking DataLoader 0:   0%|          | 0/1 [00:00<?, ?it/s]Sanity Checking DataLoader 0: 100%|██████████| 1/1 [00:00<00:00, 33.94it/s]/home/aminmohamadi_squareup_com/projects/.hermit/python/lib/python3.11/site-packages/pytorch_lightning/trainer/connectors/logger_connector/result.py:434: It is recommended to use `self.log('parquet_dataset_val_loss', ..., sync_dist=True)` when logging on epoch level in distributed setting to accumulate the metric across devices.
/home/aminmohamadi_squareup_com/projects/.hermit/python/lib/python3.11/site-packages/pytorch_lightning/trainer/connectors/logger_connector/result.py:434: It is recommended to use `self.log('lr', ..., sync_dist=True)` when logging on epoch level in distributed setting to accumulate the metric across devices.
/home/aminmohamadi_squareup_com/projects/.hermit/python/lib/python3.11/site-packages/pytorch_lightning/trainer/connectors/logger_connector/result.py:434: It is recommended to use `self.log('parquet_dataset_val_accuracy', ..., sync_dist=True)` when logging on epoch level in distributed setting to accumulate the metric across devices.
/home/aminmohamadi_squareup_com/projects/.hermit/python/lib/python3.11/site-packages/pytorch_lightning/trainer/connectors/logger_connector/result.py:434: It is recommended to use `self.log('parquet_dataset_val_precision', ..., sync_dist=True)` when logging on epoch level in distributed setting to accumulate the metric across devices.
/home/aminmohamadi_squareup_com/projects/.hermit/python/lib/python3.11/site-packages/pytorch_lightning/trainer/connectors/logger_connector/result.py:434: It is recommended to use `self.log('parquet_dataset_val_recall', ..., sync_dist=True)` when logging on epoch level in distributed setting to accumulate the metric across devices.
/home/aminmohamadi_squareup_com/projects/.hermit/python/lib/python3.11/site-packages/pytorch_lightning/trainer/connectors/logger_connector/result.py:434: It is recommended to use `self.log('parquet_dataset_val_f1-score', ..., sync_dist=True)` when logging on epoch level in distributed setting to accumulate the metric across devices.
/home/aminmohamadi_squareup_com/projects/.hermit/python/lib/python3.11/site-packages/pytorch_lightning/trainer/connectors/logger_connector/result.py:434: It is recommended to use `self.log('parquet_dataset_val_support', ..., sync_dist=True)` when logging on epoch level in distributed setting to accumulate the metric across devices.
/home/aminmohamadi_squareup_com/projects/.hermit/python/lib/python3.11/site-packages/pytorch_lightning/trainer/connectors/logger_connector/result.py:434: It is recommended to use `self.log('parquet_dataset_val_roc_auc', ..., sync_dist=True)` when logging on epoch level in distributed setting to accumulate the metric across devices.
/home/aminmohamadi_squareup_com/projects/.hermit/python/lib/python3.11/site-packages/pytorch_lightning/trainer/connectors/logger_connector/result.py:434: It is recommended to use `self.log('parquet_dataset_val_score', ..., sync_dist=True)` when logging on epoch level in distributed setting to accumulate the metric across devices.
                                                                           /home/aminmohamadi_squareup_com/projects/.hermit/python/lib/python3.11/site-packages/pytorch_lightning/trainer/connectors/data_connector.py:433: The 'train_dataloader' does not have many workers which may be a bottleneck. Consider increasing the value of the `num_workers` argument` to `num_workers=15` in the `DataLoader` to improve performance.
/home/aminmohamadi_squareup_com/projects/.hermit/python/lib/python3.11/site-packages/pytorch_lightning/loops/fit_loop.py:310: The number of training batches (8) is smaller than the logging interval Trainer(log_every_n_steps=10). Set a lower value for log_every_n_steps if you want to see logs for the training epoch.
Training: |          | 0/? [00:00<?, ?it/s]Training: |          | 0/? [00:00<?, ?it/s]Epoch 0:   0%|          | 0/8 [00:00<?, ?it/s]Epoch 0:  12%|█▎        | 1/8 [00:00<00:00, 17.82it/s]Epoch 0:  12%|█▎        | 1/8 [00:00<00:00, 17.77it/s, v_num=8-40]Epoch 0:  25%|██▌       | 2/8 [00:00<00:00, 31.51it/s, v_num=8-40]Epoch 0:  25%|██▌       | 2/8 [00:00<00:00, 31.44it/s, v_num=8-40]Epoch 0:  38%|███▊      | 3/8 [00:00<00:00, 42.65it/s, v_num=8-40]Epoch 0:  38%|███▊      | 3/8 [00:00<00:00, 42.54it/s, v_num=8-40]Epoch 0:  50%|█████     | 4/8 [00:00<00:00, 52.13it/s, v_num=8-40]Epoch 0:  50%|█████     | 4/8 [00:00<00:00, 52.02it/s, v_num=8-40]Epoch 0:  62%|██████▎   | 5/8 [00:00<00:00, 60.34it/s, v_num=8-40]Epoch 0:  62%|██████▎   | 5/8 [00:00<00:00, 60.23it/s, v_num=8-40]Epoch 0:  75%|███████▌  | 6/8 [00:00<00:00, 67.43it/s, v_num=8-40]Epoch 0:  75%|███████▌  | 6/8 [00:00<00:00, 67.30it/s, v_num=8-40]Epoch 0:  88%|████████▊ | 7/8 [00:00<00:00, 73.53it/s, v_num=8-40]Epoch 0:  88%|████████▊ | 7/8 [00:00<00:00, 73.41it/s, v_num=8-40]Epoch 0: 100%|██████████| 8/8 [00:00<00:00, 78.86it/s, v_num=8-40]Epoch 0: 100%|██████████| 8/8 [00:00<00:00, 78.75it/s, v_num=8-40]
Validation: |          | 0/? [00:00<?, ?it/s][A
Validation: |          | 0/? [00:00<?, ?it/s][A
Validation DataLoader 0:   0%|          | 0/1 [00:00<?, ?it/s][A
Validation DataLoader 0: 100%|██████████| 1/1 [00:00<00:00, 91.90it/s][A
                                                                      [AEpoch 0: 100%|██████████| 8/8 [00:00<00:00, 28.48it/s, v_num=8-40]Epoch 0: 100%|██████████| 8/8 [00:00<00:00, 28.42it/s, v_num=8-40]`Trainer.fit` stopped: `max_epochs=1` reached.
Epoch 0: 100%|██████████| 8/8 [00:00<00:00, 24.17it/s, v_num=8-40]/home/aminmohamadi_squareup_com/projects/.hermit/python/lib/python3.11/site-packages/lightning_fabric/plugins/environments/slurm.py:204: The `srun` command is available on your system but is not used. HINT: If your intention is to run Lightning on SLURM, prepend your python command with `srun` like so: srun python run.py --use_parquet_dataset=True --data_set=parquet ...
LOCAL_RANK: 0 - CUDA_VISIBLE_DEVICES: [0]
/home/aminmohamadi_squareup_com/projects/.hermit/python/lib/python3.11/site-packages/pytorch_lightning/trainer/connectors/data_connector.py:433: The 'val_dataloader' does not have many workers which may be a bottleneck. Consider increasing the value of the `num_workers` argument` to `num_workers=15` in the `DataLoader` to improve performance.

🏃 View run parquet_dataset__model_nlyrs_4_nheads_4_hdim_64__pred_ovrlap_F_npreds_4__nlyrs_2_activ_relunenc_1__lr_0.0001_start_0.001_final_0_20251107_174837_epoch_0_probe at: https://block-lakehouse-production.cloud.databricks.com/ml/experiments/3770822289003872/runs/3678190201274be3be58144ab91eb3ab
🧪 View experiment at: https://block-lakehouse-production.cloud.databricks.com/ml/experiments/3770822289003872
Validation: |          | 0/? [00:00<?, ?it/s]Validation: |          | 0/? [00:00<?, ?it/s]Validation DataLoader 0:   0%|          | 0/1 [00:00<?, ?it/s]Validation DataLoader 0: 100%|██████████| 1/1 [00:00<00:00, 83.51it/s]Validation DataLoader 0: 100%|██████████| 1/1 [00:00<00:00,  6.11it/s]/home/aminmohamadi_squareup_com/projects/.hermit/python/lib/python3.11/site-packages/lightning_fabric/plugins/environments/slurm.py:204: The `srun` command is available on your system but is not used. HINT: If your intention is to run Lightning on SLURM, prepend your python command with `srun` like so: srun python run.py --use_parquet_dataset=True --data_set=parquet ...
LOCAL_RANK: 0 - CUDA_VISIBLE_DEVICES: [0]
/home/aminmohamadi_squareup_com/projects/.hermit/python/lib/python3.11/site-packages/pytorch_lightning/trainer/connectors/data_connector.py:433: The 'test_dataloader' does not have many workers which may be a bottleneck. Consider increasing the value of the `num_workers` argument` to `num_workers=15` in the `DataLoader` to improve performance.

────────────────────────────────────────────────────────────────────────────────────────────────────────────────────────
       Validate metric               DataLoader 0
────────────────────────────────────────────────────────────────────────────────────────────────────────────────────────
             lr                           0.0
parquet_dataset_val_accuracy            0.3125
parquet_dataset_val_f1-score      0.1488095223903656
  parquet_dataset_val_loss        0.7743469476699829
parquet_dataset_val_precision         0.09765625
 parquet_dataset_val_recall             0.3125
 parquet_dataset_val_roc_auc      0.6045454740524292
  parquet_dataset_val_score             0.3125
 parquet_dataset_val_support             128.0
────────────────────────────────────────────────────────────────────────────────────────────────────────────────────────
🏃 View run parquet_dataset__model_nlyrs_4_nheads_4_hdim_64__pred_ovrlap_F_npreds_4__nlyrs_2_activ_relunenc_1__lr_0.0001_start_0.001_final_0_20251107_174837_epoch_0_probe at: https://block-lakehouse-production.cloud.databricks.com/ml/experiments/3770822289003872/runs/3678190201274be3be58144ab91eb3ab
🧪 View experiment at: https://block-lakehouse-production.cloud.databricks.com/ml/experiments/3770822289003872
Testing: |          | 0/? [00:00<?, ?it/s]Testing: |          | 0/? [00:00<?, ?it/s]Testing DataLoader 0:   0%|          | 0/1 [00:00<?, ?it/s]Testing DataLoader 0: 100%|██████████| 1/1 [00:00<00:00, 81.19it/s]/home/aminmohamadi_squareup_com/projects/.hermit/python/lib/python3.11/site-packages/pytorch_lightning/trainer/connectors/logger_connector/result.py:434: It is recommended to use `self.log('parquet_dataset_test_loss', ..., sync_dist=True)` when logging on epoch level in distributed setting to accumulate the metric across devices.
/home/aminmohamadi_squareup_com/projects/.hermit/python/lib/python3.11/site-packages/pytorch_lightning/trainer/connectors/logger_connector/result.py:434: It is recommended to use `self.log('parquet_dataset_test_accuracy', ..., sync_dist=True)` when logging on epoch level in distributed setting to accumulate the metric across devices.
/home/aminmohamadi_squareup_com/projects/.hermit/python/lib/python3.11/site-packages/pytorch_lightning/trainer/connectors/logger_connector/result.py:434: It is recommended to use `self.log('parquet_dataset_test_precision', ..., sync_dist=True)` when logging on epoch level in distributed setting to accumulate the metric across devices.
/home/aminmohamadi_squareup_com/projects/.hermit/python/lib/python3.11/site-packages/pytorch_lightning/trainer/connectors/logger_connector/result.py:434: It is recommended to use `self.log('parquet_dataset_test_recall', ..., sync_dist=True)` when logging on epoch level in distributed setting to accumulate the metric across devices.
/home/aminmohamadi_squareup_com/projects/.hermit/python/lib/python3.11/site-packages/pytorch_lightning/trainer/connectors/logger_connector/result.py:434: It is recommended to use `self.log('parquet_dataset_test_f1-score', ..., sync_dist=True)` when logging on epoch level in distributed setting to accumulate the metric across devices.
/home/aminmohamadi_squareup_com/projects/.hermit/python/lib/python3.11/site-packages/pytorch_lightning/trainer/connectors/logger_connector/result.py:434: It is recommended to use `self.log('parquet_dataset_test_support', ..., sync_dist=True)` when logging on epoch level in distributed setting to accumulate the metric across devices.
/home/aminmohamadi_squareup_com/projects/.hermit/python/lib/python3.11/site-packages/pytorch_lightning/trainer/connectors/logger_connector/result.py:434: It is recommended to use `self.log('parquet_dataset_test_roc_auc', ..., sync_dist=True)` when logging on epoch level in distributed setting to accumulate the metric across devices.
/home/aminmohamadi_squareup_com/projects/.hermit/python/lib/python3.11/site-packages/pytorch_lightning/trainer/connectors/logger_connector/result.py:434: It is recommended to use `self.log('parquet_dataset_test_score', ..., sync_dist=True)` when logging on epoch level in distributed setting to accumulate the metric across devices.
Testing DataLoader 0: 100%|██████████| 1/1 [00:00<00:00,  6.31it/s]
────────────────────────────────────────────────────────────────────────────────────────────────────────────────────────
         Test metric                   DataLoader 0
────────────────────────────────────────────────────────────────────────────────────────────────────────────────────────
              lr                           0.0
parquet_dataset_test_accuracy           0.3359375
parquet_dataset_test_f1-score      0.16895101964473724
  parquet_dataset_test_loss         0.7689375877380371
parquet_dataset_test_precision       0.11285400390625
 parquet_dataset_test_recall            0.3359375
 parquet_dataset_test_roc_auc       0.5233926177024841
  parquet_dataset_test_score            0.3359375
 parquet_dataset_test_support             128.0
────────────────────────────────────────────────────────────────────────────────────────────────────────────────────────
🏃 View run parquet_dataset__model_nlyrs_4_nheads_4_hdim_64__pred_ovrlap_F_npreds_4__nlyrs_2_activ_relunenc_1__lr_0.0001_start_0.001_final_0_20251107_174837_epoch_0_probe at: https://block-lakehouse-production.cloud.databricks.com/ml/experiments/3770822289003872/runs/3678190201274be3be58144ab91eb3ab
🧪 View experiment at: https://block-lakehouse-production.cloud.databricks.com/ml/experiments/3770822289003872
##############################Training epoch: 1/1###############################
  0%|          | 0/585 [00:00<?, ?it/s]  0%|          | 1/585 [00:00<01:54,  5.10it/s]  1%|          | 4/585 [00:00<00:40, 14.33it/s]  1%|          | 7/585 [00:00<00:30, 18.93it/s]  2%|▏         | 10/585 [00:00<00:26, 21.47it/s]  2%|▏         | 13/585 [00:00<00:24, 23.02it/s]  3%|▎         | 16/585 [00:00<00:24, 23.53it/s]  3%|▎         | 19/585 [00:00<00:23, 24.10it/s]  4%|▍         | 22/585 [00:01<00:23, 24.48it/s]  4%|▍         | 25/585 [00:01<00:22, 24.70it/s]  5%|▍         | 28/585 [00:01<00:22, 24.91it/s]  5%|▌         | 31/585 [00:01<00:21, 25.29it/s]  6%|▌         | 34/585 [00:01<00:21, 25.40it/s]  6%|▋         | 37/585 [00:01<00:21, 25.49it/s]  7%|▋         | 40/585 [00:01<00:21, 25.67it/s]  7%|▋         | 43/585 [00:01<00:21, 25.68it/s]  8%|▊         | 46/585 [00:01<00:20, 25.82it/s]  8%|▊         | 49/585 [00:02<00:20, 25.91it/s]  9%|▉         | 52/585 [00:02<00:20, 25.84it/s]  9%|▉         | 55/585 [00:02<00:20, 25.77it/s] 10%|▉         | 58/585 [00:02<00:20, 25.73it/s] 10%|█         | 61/585 [00:02<00:20, 25.70it/s] 11%|█         | 64/585 [00:02<00:20, 25.83it/s] 11%|█▏        | 67/585 [00:02<00:20, 25.75it/s] 12%|█▏        | 70/585 [00:02<00:20, 25.71it/s] 12%|█▏        | 73/585 [00:02<00:19, 25.98it/s] 13%|█▎        | 76/585 [00:03<00:19, 25.96it/s] 14%|█▎        | 79/585 [00:03<00:19, 25.98it/s] 14%|█▍        | 82/585 [00:03<00:19, 26.10it/s] 15%|█▍        | 85/585 [00:03<00:19, 26.13it/s] 15%|█▌        | 88/585 [00:03<00:19, 25.91it/s] 16%|█▌        | 91/585 [00:03<00:19, 25.90it/s] 16%|█▌        | 94/585 [00:03<00:18, 25.89it/s] 17%|█▋        | 97/585 [00:03<00:18, 25.85it/s] 17%|█▋        | 100/585 [00:04<00:18, 26.04it/s] 18%|█▊        | 103/585 [00:04<00:18, 26.22it/s] 18%|█▊        | 106/585 [00:04<00:18, 26.03it/s] 19%|█▊        | 109/585 [00:04<00:18, 26.10it/s] 19%|█▉        | 112/585 [00:04<00:18, 26.11it/s] 20%|█▉        | 115/585 [00:04<00:18, 26.11it/s] 20%|██        | 118/585 [00:04<00:17, 25.98it/s] 21%|██        | 121/585 [00:04<00:17, 26.04it/s] 21%|██        | 124/585 [00:04<00:17, 26.04it/s] 22%|██▏       | 127/585 [00:05<00:17, 25.56it/s] 22%|██▏       | 130/585 [00:05<00:17, 25.35it/s] 23%|██▎       | 133/585 [00:05<00:17, 25.33it/s] 23%|██▎       | 136/585 [00:05<00:17, 25.51it/s] 24%|██▍       | 139/585 [00:05<00:17, 25.60it/s] 24%|██▍       | 142/585 [00:05<00:17, 25.75it/s] 25%|██▍       | 145/585 [00:05<00:17, 25.64it/s] 25%|██▌       | 148/585 [00:05<00:16, 25.86it/s] 26%|██▌       | 151/585 [00:06<00:16, 25.85it/s] 26%|██▋       | 154/585 [00:06<00:16, 25.94it/s] 27%|██▋       | 157/585 [00:06<00:16, 25.89it/s] 27%|██▋       | 160/585 [00:06<00:16, 25.91it/s] 28%|██▊       | 163/585 [00:06<00:16, 25.79it/s] 28%|██▊       | 166/585 [00:06<00:16, 25.71it/s] 29%|██▉       | 169/585 [00:06<00:16, 25.99it/s] 29%|██▉       | 172/585 [00:06<00:15, 25.88it/s] 30%|██▉       | 175/585 [00:06<00:15, 26.04it/s] 30%|███       | 178/585 [00:07<00:15, 26.07it/s] 31%|███       | 181/585 [00:07<00:15, 26.24it/s] 31%|███▏      | 184/585 [00:07<00:15, 26.06it/s] 32%|███▏      | 187/585 [00:07<00:15, 26.09it/s] 32%|███▏      | 190/585 [00:07<00:22, 17.63it/s] 33%|███▎      | 193/585 [00:07<00:20, 19.36it/s] 34%|███▎      | 196/585 [00:07<00:18, 20.88it/s] 34%|███▍      | 199/585 [00:08<00:17, 22.22it/s] 35%|███▍      | 202/585 [00:08<00:16, 23.35it/s] 35%|███▌      | 205/585 [00:08<00:15, 23.97it/s] 36%|███▌      | 208/585 [00:08<00:15, 24.52it/s] 36%|███▌      | 211/585 [00:08<00:15, 24.84it/s] 37%|███▋      | 214/585 [00:08<00:14, 25.17it/s] 37%|███▋      | 217/585 [00:08<00:14, 25.42it/s] 38%|███▊      | 220/585 [00:08<00:14, 25.69it/s] 38%|███▊      | 223/585 [00:08<00:14, 25.73it/s] 39%|███▊      | 226/585 [00:09<00:13, 25.75it/s] 39%|███▉      | 229/585 [00:09<00:13, 25.90it/s] 40%|███▉      | 232/585 [00:09<00:13, 25.79it/s] 40%|████      | 235/585 [00:09<00:13, 25.76it/s] 41%|████      | 238/585 [00:09<00:13, 25.63it/s] 41%|████      | 241/585 [00:09<00:13, 25.78it/s] 42%|████▏     | 244/585 [00:09<00:13, 25.79it/s] 42%|████▏     | 247/585 [00:09<00:13, 25.87it/s] 43%|████▎     | 250/585 [00:10<00:12, 25.96it/s] 43%|████▎     | 253/585 [00:10<00:12, 25.97it/s] 44%|████▍     | 256/585 [00:10<00:12, 25.88it/s] 44%|████▍     | 259/585 [00:10<00:12, 26.03it/s] 45%|████▍     | 262/585 [00:10<00:12, 26.01it/s] 45%|████▌     | 265/585 [00:10<00:12, 25.97it/s] 46%|████▌     | 268/585 [00:10<00:12, 26.00it/s] 46%|████▋     | 271/585 [00:10<00:12, 25.91it/s] 47%|████▋     | 274/585 [00:10<00:11, 26.01it/s] 47%|████▋     | 277/585 [00:11<00:11, 26.08it/s] 48%|████▊     | 280/585 [00:11<00:11, 26.15it/s] 48%|████▊     | 283/585 [00:11<00:11, 25.98it/s] 49%|████▉     | 286/585 [00:11<00:11, 25.94it/s] 49%|████▉     | 289/585 [00:11<00:11, 25.89it/s] 50%|████▉     | 292/585 [00:11<00:11, 26.07it/s] 50%|█████     | 295/585 [00:11<00:11, 25.90it/s] 51%|█████     | 298/585 [00:11<00:11, 25.74it/s] 51%|█████▏    | 301/585 [00:11<00:10, 25.82it/s] 52%|█████▏    | 304/585 [00:12<00:10, 25.98it/s] 52%|█████▏    | 307/585 [00:12<00:10, 26.05it/s] 53%|█████▎    | 310/585 [00:12<00:10, 25.90it/s] 54%|█████▎    | 313/585 [00:12<00:10, 25.94it/s] 54%|█████▍    | 316/585 [00:12<00:10, 25.86it/s] 55%|█████▍    | 319/585 [00:12<00:10, 25.87it/s] 55%|█████▌    | 322/585 [00:12<00:10, 25.72it/s] 56%|█████▌    | 325/585 [00:12<00:10, 25.93it/s] 56%|█████▌    | 328/585 [00:13<00:09, 25.78it/s] 57%|█████▋    | 331/585 [00:13<00:09, 25.72it/s] 57%|█████▋    | 334/585 [00:13<00:09, 25.60it/s] 58%|█████▊    | 337/585 [00:13<00:09, 25.86it/s] 58%|█████▊    | 340/585 [00:13<00:09, 25.97it/s] 59%|█████▊    | 343/585 [00:13<00:09, 25.94it/s] 59%|█████▉    | 346/585 [00:13<00:09, 25.93it/s] 60%|█████▉    | 349/585 [00:13<00:09, 25.88it/s] 60%|██████    | 352/585 [00:13<00:08, 25.99it/s] 61%|██████    | 355/585 [00:14<00:08, 26.04it/s] 61%|██████    | 358/585 [00:14<00:08, 26.07it/s] 62%|██████▏   | 361/585 [00:14<00:08, 26.00it/s] 62%|██████▏   | 364/585 [00:14<00:08, 25.98it/s] 63%|██████▎   | 367/585 [00:14<00:08, 25.42it/s] 63%|██████▎   | 370/585 [00:14<00:08, 25.83it/s] 64%|██████▍   | 373/585 [00:14<00:08, 25.86it/s] 64%|██████▍   | 376/585 [00:14<00:08, 25.94it/s] 65%|██████▍   | 379/585 [00:14<00:07, 25.92it/s] 65%|██████▌   | 382/585 [00:15<00:07, 25.92it/s] 66%|██████▌   | 385/585 [00:15<00:07, 25.77it/s] 66%|██████▋   | 388/585 [00:15<00:07, 25.72it/s] 67%|██████▋   | 391/585 [00:15<00:07, 25.47it/s] 67%|██████▋   | 394/585 [00:15<00:07, 25.43it/s] 68%|██████▊   | 397/585 [00:15<00:07, 25.65it/s] 68%|██████▊   | 400/585 [00:15<00:07, 25.73it/s] 69%|██████▉   | 403/585 [00:15<00:07, 25.69it/s] 69%|██████▉   | 406/585 [00:16<00:06, 25.87it/s] 70%|██████▉   | 409/585 [00:16<00:06, 25.97it/s] 70%|███████   | 412/585 [00:16<00:06, 25.96it/s] 71%|███████   | 415/585 [00:16<00:06, 25.92it/s] 71%|███████▏  | 418/585 [00:16<00:06, 25.98it/s] 72%|███████▏  | 421/585 [00:16<00:06, 26.12it/s] 72%|███████▏  | 424/585 [00:16<00:06, 25.93it/s] 73%|███████▎  | 427/585 [00:16<00:06, 25.94it/s] 74%|███████▎  | 430/585 [00:16<00:05, 25.94it/s] 74%|███████▍  | 433/585 [00:17<00:05, 25.86it/s] 75%|███████▍  | 436/585 [00:17<00:05, 25.98it/s] 75%|███████▌  | 439/585 [00:17<00:05, 25.91it/s] 76%|███████▌  | 442/585 [00:17<00:05, 25.84it/s] 76%|███████▌  | 445/585 [00:17<00:05, 25.77it/s] 77%|███████▋  | 448/585 [00:17<00:05, 25.81it/s] 77%|███████▋  | 451/585 [00:17<00:05, 25.69it/s] 78%|███████▊  | 454/585 [00:17<00:05, 25.66it/s] 78%|███████▊  | 457/585 [00:18<00:04, 25.80it/s] 79%|███████▊  | 460/585 [00:18<00:04, 25.62it/s] 79%|███████▉  | 463/585 [00:18<00:04, 25.57it/s] 80%|███████▉  | 466/585 [00:18<00:04, 25.69it/s] 80%|████████  | 469/585 [00:18<00:04, 25.70it/s] 81%|████████  | 472/585 [00:18<00:04, 25.64it/s] 81%|████████  | 475/585 [00:18<00:04, 25.65it/s] 82%|████████▏ | 478/585 [00:18<00:04, 25.71it/s] 82%|████████▏ | 481/585 [00:18<00:04, 25.69it/s] 83%|████████▎ | 484/585 [00:19<00:03, 25.62it/s] 83%|████████▎ | 487/585 [00:19<00:03, 25.49it/s] 84%|████████▍ | 490/585 [00:19<00:03, 25.52it/s] 84%|████████▍ | 493/585 [00:19<00:03, 25.84it/s] 85%|████████▍ | 496/585 [00:19<00:03, 25.79it/s] 85%|████████▌ | 499/585 [00:19<00:03, 25.90it/s] 86%|████████▌ | 502/585 [00:19<00:03, 25.91it/s] 86%|████████▋ | 505/585 [00:19<00:03, 25.71it/s] 87%|████████▋ | 508/585 [00:20<00:02, 25.75it/s] 87%|████████▋ | 511/585 [00:20<00:02, 25.82it/s] 88%|████████▊ | 514/585 [00:20<00:02, 25.79it/s] 88%|████████▊ | 517/585 [00:20<00:02, 25.76it/s] 89%|████████▉ | 520/585 [00:20<00:02, 25.96it/s] 89%|████████▉ | 523/585 [00:20<00:02, 26.10it/s] 90%|████████▉ | 526/585 [00:20<00:02, 26.21it/s] 90%|█████████ | 529/585 [00:20<00:02, 26.03it/s] 91%|█████████ | 532/585 [00:20<00:02, 26.13it/s] 91%|█████████▏| 535/585 [00:21<00:01, 26.15it/s] 92%|█████████▏| 538/585 [00:21<00:01, 26.19it/s] 92%|█████████▏| 541/585 [00:21<00:01, 25.90it/s] 93%|█████████▎| 544/585 [00:21<00:01, 25.88it/s] 94%|█████████▎| 547/585 [00:21<00:01, 25.87it/s] 94%|█████████▍| 550/585 [00:21<00:01, 26.07it/s] 95%|█████████▍| 553/585 [00:21<00:01, 26.05it/s] 95%|█████████▌| 556/585 [00:21<00:01, 26.06it/s] 96%|█████████▌| 559/585 [00:21<00:00, 26.05it/s] 96%|█████████▌| 562/585 [00:22<00:00, 26.02it/s] 97%|█████████▋| 565/585 [00:22<00:00, 26.00it/s] 97%|█████████▋| 568/585 [00:22<00:00, 25.84it/s] 98%|█████████▊| 571/585 [00:22<00:00, 25.69it/s] 98%|█████████▊| 574/585 [00:22<00:00, 25.60it/s] 99%|█████████▊| 577/585 [00:22<00:00, 25.64it/s] 99%|█████████▉| 580/585 [00:22<00:00, 25.52it/s]100%|█████████▉| 583/585 [00:22<00:00, 25.54it/s]100%|██████████| 585/585 [00:22<00:00, 25.46it/s]
2025/11/07 17:49:06 INFO mlflow.system_metrics.system_metrics_monitor: Stopping system metrics monitoring...
2025/11/07 17:49:06 INFO mlflow.system_metrics.system_metrics_monitor: Successfully terminated system metrics monitoring!
self.num_val_improvements_since_cache:  1
self.val_cache_cadence:  1
Model checkpointing attempts: 0.
Stored epoch 0 model checkpoint to ./checkpoints/parquet_dataset/parquet_dataset__model_nlyrs_4_nheads_4_hdim_64__pred_ovrlap_F_npreds_4__nlyrs_2_activ_relunenc_1__lr_0.0001_start_0.001_final_0_20251107_174837/epoch_0.pth.
Validation score has improved 1 times since last caching the model. Caching now.
Model checkpointing attempts: 0.
Stored epoch 0 model checkpoint to ./checkpoints/parquet_dataset/parquet_dataset__model_nlyrs_4_nheads_4_hdim_64__pred_ovrlap_F_npreds_4__nlyrs_2_activ_relunenc_1__lr_0.0001_start_0.001_final_0_20251107_174837/epoch_0.pth.
Training loss has improved 1 times since last caching the model. Caching now.
🏃 View run parquet_dataset__model_nlyrs_4_nheads_4_hdim_64__pred_ovrlap_F_npreds_4__nlyrs_2_activ_relunenc_1__lr_0.0001_start_0.001_final_0_20251107_174837 at: https://block-lakehouse-production.cloud.databricks.com/ml/experiments/3770822289003872/runs/036e175eb6a14ddcb78a7e7dfa9c2df1
🧪 View experiment at: https://block-lakehouse-production.cloud.databricks.com/ml/experiments/3770822289003872
Total training time took: 22.978554 seconds
Model checkpointing attempts: 0.
Stored epoch 1 model checkpoint to ./checkpoints/parquet_dataset/parquet_dataset__model_nlyrs_4_nheads_4_hdim_64__pred_ovrlap_F_npreds_4__nlyrs_2_activ_relunenc_1__lr_0.0001_start_0.001_final_0_20251107_174837/epoch_1.pth.
OPTUNA_SCORE: 0.3125
Best validation score: 0.3125

========================================================================
Training completed with exit code: 0
========================================================================
✓ SUCCESS: Multi-epoch linear probe test passed!

Verifying probe was triggered at expected epochs...
Expected: epochs 0, 5, 10
grep: logs/probe_10epochs_14092.out: No such file or directory
grep: input file ‘slurm-14092.out’ is also the output
